Archive member included to satisfy reference by file (symbol)

c:/mikronide/riscv-gcc/bin/../lib/gcc/riscv64-unknown-elf/12.2.1/../../../../riscv64-unknown-elf/lib/rv32imc/ilp32\libc.a(lib_a-memmove-stub.o)
                              ./src/main.o (memmove)
c:/mikronide/riscv-gcc/bin/../lib/gcc/riscv64-unknown-elf/12.2.1/../../../../riscv64-unknown-elf/lib/rv32imc/ilp32\libc.a(lib_a-memset.o)
                              ./src/GUI_Paint.o (memset)
c:/mikronide/riscv-gcc/bin/../lib/gcc/riscv64-unknown-elf/12.2.1/../../../../riscv64-unknown-elf/lib/rv32imc/ilp32\libc.a(lib_a-sprintf.o)
                              ./src/main.o (sprintf)
c:/mikronide/riscv-gcc/bin/../lib/gcc/riscv64-unknown-elf/12.2.1/../../../../riscv64-unknown-elf/lib/rv32imc/ilp32\libc.a(lib_a-svfprintf.o)
                              c:/mikronide/riscv-gcc/bin/../lib/gcc/riscv64-unknown-elf/12.2.1/../../../../riscv64-unknown-elf/lib/rv32imc/ilp32\libc.a(lib_a-sprintf.o) (_svfprintf_r)
c:/mikronide/riscv-gcc/bin/../lib/gcc/riscv64-unknown-elf/12.2.1/../../../../riscv64-unknown-elf/lib/rv32imc/ilp32\libc.a(lib_a-freer.o)
                              c:/mikronide/riscv-gcc/bin/../lib/gcc/riscv64-unknown-elf/12.2.1/../../../../riscv64-unknown-elf/lib/rv32imc/ilp32\libc.a(lib_a-svfprintf.o) (_free_r)
c:/mikronide/riscv-gcc/bin/../lib/gcc/riscv64-unknown-elf/12.2.1/../../../../riscv64-unknown-elf/lib/rv32imc/ilp32\libc.a(lib_a-impure.o)
                              c:/mikronide/riscv-gcc/bin/../lib/gcc/riscv64-unknown-elf/12.2.1/../../../../riscv64-unknown-elf/lib/rv32imc/ilp32\libc.a(lib_a-sprintf.o) (_impure_ptr)
c:/mikronide/riscv-gcc/bin/../lib/gcc/riscv64-unknown-elf/12.2.1/../../../../riscv64-unknown-elf/lib/rv32imc/ilp32\libc.a(lib_a-ldtoa.o)
                              c:/mikronide/riscv-gcc/bin/../lib/gcc/riscv64-unknown-elf/12.2.1/../../../../riscv64-unknown-elf/lib/rv32imc/ilp32\libc.a(lib_a-svfprintf.o) (_ldtoa_r)
c:/mikronide/riscv-gcc/bin/../lib/gcc/riscv64-unknown-elf/12.2.1/../../../../riscv64-unknown-elf/lib/rv32imc/ilp32\libc.a(lib_a-localeconv.o)
                              c:/mikronide/riscv-gcc/bin/../lib/gcc/riscv64-unknown-elf/12.2.1/../../../../riscv64-unknown-elf/lib/rv32imc/ilp32\libc.a(lib_a-svfprintf.o) (_localeconv_r)
c:/mikronide/riscv-gcc/bin/../lib/gcc/riscv64-unknown-elf/12.2.1/../../../../riscv64-unknown-elf/lib/rv32imc/ilp32\libc.a(lib_a-mallocr.o)
                              c:/mikronide/riscv-gcc/bin/../lib/gcc/riscv64-unknown-elf/12.2.1/../../../../riscv64-unknown-elf/lib/rv32imc/ilp32\libc.a(lib_a-svfprintf.o) (_malloc_r)
c:/mikronide/riscv-gcc/bin/../lib/gcc/riscv64-unknown-elf/12.2.1/../../../../riscv64-unknown-elf/lib/rv32imc/ilp32\libc.a(lib_a-memchr.o)
                              c:/mikronide/riscv-gcc/bin/../lib/gcc/riscv64-unknown-elf/12.2.1/../../../../riscv64-unknown-elf/lib/rv32imc/ilp32\libc.a(lib_a-svfprintf.o) (memchr)
c:/mikronide/riscv-gcc/bin/../lib/gcc/riscv64-unknown-elf/12.2.1/../../../../riscv64-unknown-elf/lib/rv32imc/ilp32\libc.a(lib_a-mlock.o)
                              c:/mikronide/riscv-gcc/bin/../lib/gcc/riscv64-unknown-elf/12.2.1/../../../../riscv64-unknown-elf/lib/rv32imc/ilp32\libc.a(lib_a-freer.o) (__malloc_lock)
c:/mikronide/riscv-gcc/bin/../lib/gcc/riscv64-unknown-elf/12.2.1/../../../../riscv64-unknown-elf/lib/rv32imc/ilp32\libc.a(lib_a-mprec.o)
                              c:/mikronide/riscv-gcc/bin/../lib/gcc/riscv64-unknown-elf/12.2.1/../../../../riscv64-unknown-elf/lib/rv32imc/ilp32\libc.a(lib_a-ldtoa.o) (_Balloc)
c:/mikronide/riscv-gcc/bin/../lib/gcc/riscv64-unknown-elf/12.2.1/../../../../riscv64-unknown-elf/lib/rv32imc/ilp32\libc.a(lib_a-s_frexp.o)
                              c:/mikronide/riscv-gcc/bin/../lib/gcc/riscv64-unknown-elf/12.2.1/../../../../riscv64-unknown-elf/lib/rv32imc/ilp32\libc.a(lib_a-svfprintf.o) (frexp)
c:/mikronide/riscv-gcc/bin/../lib/gcc/riscv64-unknown-elf/12.2.1/../../../../riscv64-unknown-elf/lib/rv32imc/ilp32\libc.a(lib_a-sbrkr.o)
                              c:/mikronide/riscv-gcc/bin/../lib/gcc/riscv64-unknown-elf/12.2.1/../../../../riscv64-unknown-elf/lib/rv32imc/ilp32\libc.a(lib_a-freer.o) (_sbrk_r)
c:/mikronide/riscv-gcc/bin/../lib/gcc/riscv64-unknown-elf/12.2.1/../../../../riscv64-unknown-elf/lib/rv32imc/ilp32\libc.a(lib_a-strcpy.o)
                              c:/mikronide/riscv-gcc/bin/../lib/gcc/riscv64-unknown-elf/12.2.1/../../../../riscv64-unknown-elf/lib/rv32imc/ilp32\libc.a(lib_a-ldtoa.o) (strcpy)
c:/mikronide/riscv-gcc/bin/../lib/gcc/riscv64-unknown-elf/12.2.1/../../../../riscv64-unknown-elf/lib/rv32imc/ilp32\libc.a(lib_a-strlen.o)
                              c:/mikronide/riscv-gcc/bin/../lib/gcc/riscv64-unknown-elf/12.2.1/../../../../riscv64-unknown-elf/lib/rv32imc/ilp32\libc.a(lib_a-svfprintf.o) (strlen)
c:/mikronide/riscv-gcc/bin/../lib/gcc/riscv64-unknown-elf/12.2.1/../../../../riscv64-unknown-elf/lib/rv32imc/ilp32\libc.a(lib_a-strncpy.o)
[...]
Memory Configuration

Name             Origin             Length             Attributes
rom              0x0000000001000000 0x0000000000002000 xr
ram              0x0000000002000000 0x0000000000004000 xrw
*default*        0x0000000000000000 0xffffffffffffffff

Linker script and memory map

LOAD ./src/GUI_Paint.o
LOAD ./src/ImageData.o
LOAD ./src/OLED_1in3.o
LOAD ./src/OLED_1in3_test.o
LOAD ./src/font12.o
LOAD ./src/font16.o
LOAD ./src/font8.o
LOAD ./src/i2c_driver.o
LOAD ./src/main.o
LOAD ./src/mikron_logo.o
LOAD ./src/uart_lib.o
LOAD ./src/xprintf.o
LOAD ./runtime/crt0.o
LOAD ./HAL/peripherals/Source/mik32_hal.o
LOAD ./HAL/peripherals/Source/mik32_hal_adc.o
LOAD ./HAL/peripherals/Source/mik32_hal_crc32.o
LOAD ./HAL/peripherals/Source/mik32_hal_crypto.o
LOAD ./HAL/peripherals/Source/mik32_hal_dac.o
LOAD ./HAL/peripherals/Source/mik32_hal_dma.o
LOAD ./HAL/peripherals/Source/mik32_hal_gpio.o
LOAD ./HAL/peripherals/Source/mik32_hal_i2c.o
LOAD ./HAL/peripherals/Source/mik32_hal_irq.o
LOAD ./HAL/peripherals/Source/mik32_hal_otp.o
LOAD ./HAL/peripherals/Source/mik32_hal_pcc.o
LOAD ./HAL/peripherals/Source/mik32_hal_rtc.o
LOAD ./HAL/peripherals/Source/mik32_hal_spi.o
LOAD ./HAL/peripherals/Source/mik32_hal_spifi.o
LOAD ./HAL/peripherals/Source/mik32_hal_timer16.o
LOAD ./HAL/peripherals/Source/mik32_hal_timer32.o
LOAD ./HAL/core/Source/mik32_hal_scr1_timer.o
LOAD c:/mikronide/riscv-gcc/bin/../lib/gcc/riscv64-unknown-elf/12.2.1/../../../../riscv64-unknown-elf/lib/rv32imc/ilp32\libc.a
LOAD c:/mikronide/riscv-gcc/bin/../lib/gcc/riscv64-unknown-elf/12.2.1/rv32imc/ilp32\libgcc.a
                0x0000000000000400                STACK_SIZE = 0x400
                0x0000000000000010                CL_SIZE = 0x10

.text           0x0000000001000000     0xb530
                0x0000000001000000                PROVIDE (__TEXT_START__ = .)
 *crt0.o(.text .text.*)
 .text          0x0000000001000000       0x76 ./runtime/crt0.o
                0x0000000001000000                _start
                0x0000000001000074                SystemInit
                0x0000000001000074                SmallSystemInit
 *(.text.smallsysteminit)
 *(.text.SmallSystemInit)
                0x00000000010000c0                . = (ORIGIN (rom) + 0xc0)
 *fill*         0x0000000001000076       0x4a 
 *crt0.o(.trap_text)
 .trap_text     0x00000000010000c0       0x94 ./runtime/crt0.o
                0x00000000010000c0                trap_entry
                0x00000000010000c4                raw_trap_handler
 *(.text)
 .text          0x0000000001000154      0x1f4 ./src/main.o
                0x0000000001000154                initUART
                0x0000000001000172                writeByte
                0x000000000100017e                writeLine
                0x000000000100019c                trap_handler
                0x000000000100024e                process
 .text          0x0000000001000348       0xa8 c:/mikronide/riscv-gcc/bin/../lib/gcc/riscv64-unknown-elf/12.2.1/../../../../riscv64-unknown-elf/lib/rv32imc/ilp32\libc.a(lib_a-memset.o)
                0x0000000001000348                memset
 .text          0x00000000010003f0      0x62e c:/mikronide/riscv-gcc/bin/../lib/gcc/riscv64-unknown-elf/12.2.1/rv32imc/ilp32\libgcc.a(adddf3.o)
                0x00000000010003f0                __adddf3
 .text          0x0000000001000a1e      0x464 c:/mikronide/riscv-gcc/bin/../lib/gcc/riscv64-unknown-elf/12.2.1/rv32imc/ilp32\libgcc.a(muldf3.o)
                0x0000000001000a1e                __muldf3
 .text          0x0000000001000e82       0xac c:/mikronide/riscv-gcc/bin/../lib/gcc/riscv64-unknown-elf/12.2.1/rv32imc/ilp32\libgcc.a(eqtf2.o)
                0x0000000001000e82                __netf2
                0x0000000001000e82                __eqtf2
 .text          0x0000000001000f2e      0x112 c:/mikronide/riscv-gcc/bin/../lib/gcc/riscv64-unknown-elf/12.2.1/rv32imc/ilp32\libgcc.a(getf2.o)
                0x0000000001000f2e                __gttf2
                0x0000000001000f2e                __getf2
 .text          0x0000000001001040      0x112 c:/mikronide/riscv-gcc/bin/../lib/gcc/riscv64-unknown-elf/12.2.1/rv32imc/ilp32\libgcc.a(letf2.o)
                0x0000000001001040                __lttf2
                0x0000000001001040                __letf2
 .text          0x0000000001001152      0xb7e c:/mikronide/riscv-gcc/bin/../lib/gcc/riscv64-unknown-elf/12.2.1/rv32imc/ilp32\libgcc.a(multf3.o)
                0x0000000001001152                __multf3
 .text          0x0000000001001cd0      0xe40 c:/mikronide/riscv-gcc/bin/../lib/gcc/riscv64-unknown-elf/12.2.1/rv32imc/ilp32\libgcc.a(subtf3.o)
                0x0000000001001cd0                __subtf3
 .text          0x0000000001002b10       0xa6 c:/mikronide/riscv-gcc/bin/../lib/gcc/riscv64-unknown-elf/12.2.1/rv32imc/ilp32\libgcc.a(fixtfsi.o)
                0x0000000001002b10                __fixtfsi
 .text          0x0000000001002bb6       0xd2 c:/mikronide/riscv-gcc/bin/../lib/gcc/riscv64-unknown-elf/12.2.1/rv32imc/ilp32\libgcc.a(floatsitf.o)
                0x0000000001002bb6                __floatsitf
 .text          0x0000000001002c88      0x32e c:/mikronide/riscv-gcc/bin/../lib/gcc/riscv64-unknown-elf/12.2.1/rv32imc/ilp32\libgcc.a(addsf3.o)
                0x0000000001002c88                __addsf3
 .text          0x0000000001002fb6      0x24e c:/mikronide/riscv-gcc/bin/../lib/gcc/riscv64-unknown-elf/12.2.1/rv32imc/ilp32\libgcc.a(mulsf3.o)
                0x0000000001002fb6                __mulsf3
 .text          0x0000000001003204      0x36e c:/mikronide/riscv-gcc/bin/../lib/gcc/riscv64-unknown-elf/12.2.1/rv32imc/ilp32\libgcc.a(subsf3.o)
                0x0000000001003204                __subsf3
 .text          0x0000000001003572       0x96 c:/mikronide/riscv-gcc/bin/../lib/gcc/riscv64-unknown-elf/12.2.1/rv32imc/ilp32\libgcc.a(extendsfdf2.o)
                0x0000000001003572                __extendsfdf2
 .text          0x0000000001003608      0x16c c:/mikronide/riscv-gcc/bin/../lib/gcc/riscv64-unknown-elf/12.2.1/rv32imc/ilp32\libgcc.a(extenddftf2.o)
                0x0000000001003608                __extenddftf2
 .text          0x0000000001003774      0x126 c:/mikronide/riscv-gcc/bin/../lib/gcc/riscv64-unknown-elf/12.2.1/rv32imc/ilp32\libgcc.a(truncdfsf2.o)
                0x0000000001003774                __truncdfsf2
 .text          0x000000000100389a      0x252 c:/mikronide/riscv-gcc/bin/../lib/gcc/riscv64-unknown-elf/12.2.1/rv32imc/ilp32\libgcc.a(trunctfdf2.o)
                0x000000000100389a                __trunctfdf2
 .text          0x0000000001003aec       0x3c c:/mikronide/riscv-gcc/bin/../lib/gcc/riscv64-unknown-elf/12.2.1/rv32imc/ilp32\libgcc.a(_clzsi2.o)
                0x0000000001003aec                __clzsi2
 *(.text.*)
 .text.startup  0x0000000001003b28      0x10a ./src/main.o
                0x0000000001003b28                main
 .text.memmove  0x0000000001003c32       0xd2 c:/mikronide/riscv-gcc/bin/../lib/gcc/riscv64-unknown-elf/12.2.1/../../../../riscv64-unknown-elf/lib/rv32imc/ilp32\libc.a(lib_a-memmove-stub.o)
                0x0000000001003c32                memmove
 .text.sprintf  0x0000000001003d04       0x4c c:/mikronide/riscv-gcc/bin/../lib/gcc/riscv64-unknown-elf/12.2.1/../../../../riscv64-unknown-elf/lib/rv32imc/ilp32\libc.a(lib_a-sprintf.o)
                0x0000000001003d04                sprintf
 .text._svfprintf_r
                0x0000000001003d50     0x1c78 c:/mikronide/riscv-gcc/bin/../lib/gcc/riscv64-unknown-elf/12.2.1/../../../../riscv64-unknown-elf/lib/rv32imc/ilp32\libc.a(lib_a-svfprintf.o)
                0x0000000001003d50                _svfprintf_r
 .text._malloc_trim_r
                0x00000000010059c8       0xd8 c:/mikronide/riscv-gcc/bin/../lib/gcc/riscv64-unknown-elf/12.2.1/../../../../riscv64-unknown-elf/lib/rv32imc/ilp32\libc.a(lib_a-freer.o)
                0x00000000010059c8                _malloc_trim_r
 .text._free_r  0x0000000001005aa0      0x234 c:/mikronide/riscv-gcc/bin/../lib/gcc/riscv64-unknown-elf/12.2.1/../../../../riscv64-unknown-elf/lib/rv32imc/ilp32\libc.a(lib_a-freer.o)
                0x0000000001005aa0                _free_r
 .text.eshdn1   0x0000000001005cd4       0x3c c:/mikronide/riscv-gcc/bin/../lib/gcc/riscv64-unknown-elf/12.2.1/../../../../riscv64-unknown-elf/lib/rv32imc/ilp32\libc.a(lib_a-ldtoa.o)
 .text.eshup1   0x0000000001005d10       0x3c c:/mikronide/riscv-gcc/bin/../lib/gcc/riscv64-unknown-elf/12.2.1/../../../../riscv64-unknown-elf/lib/rv32imc/ilp32\libc.a(lib_a-ldtoa.o)
 .text.m16m     0x0000000001005d4c       0x68 c:/mikronide/riscv-gcc/bin/../lib/gcc/riscv64-unknown-elf/12.2.1/../../../../riscv64-unknown-elf/lib/rv32imc/ilp32\libc.a(lib_a-ldtoa.o)
 .text.emovo.constprop.0
                0x0000000001005db4       0x8c c:/mikronide/riscv-gcc/bin/../lib/gcc/riscv64-unknown-elf/12.2.1/../../../../riscv64-unknown-elf/lib/rv32imc/ilp32\libc.a(lib_a-ldtoa.o)
 .text.enormlz  0x0000000001005e40      0x10e c:/mikronide/riscv-gcc/bin/../lib/gcc/riscv64-unknown-elf/12.2.1/../../../../riscv64-unknown-elf/lib/rv32imc/ilp32\libc.a(lib_a-ldtoa.o)
 .text.eshift.part.0
                0x0000000001005f4e      0x13a c:/mikronide/riscv-gcc/bin/../lib/gcc/riscv64-unknown-elf/12.2.1/../../../../riscv64-unknown-elf/lib/rv32imc/ilp32\libc.a(lib_a-ldtoa.o)
 .text.emovi    0x0000000001006088       0x8e c:/mikronide/riscv-gcc/bin/../lib/gcc/riscv64-unknown-elf/12.2.1/../../../../riscv64-unknown-elf/lib/rv32imc/ilp32\libc.a(lib_a-ldtoa.o)
 .text.ecmp     0x0000000001006116       0xe8 c:/mikronide/riscv-gcc/bin/../lib/gcc/riscv64-unknown-elf/12.2.1/../../../../riscv64-unknown-elf/lib/rv32imc/ilp32\libc.a(lib_a-ldtoa.o)
 .text.emdnorm  0x00000000010061fe      0x37e c:/mikronide/riscv-gcc/bin/../lib/gcc/riscv64-unknown-elf/12.2.1/../../../../riscv64-unknown-elf/lib/rv32imc/ilp32\libc.a(lib_a-ldtoa.o)
 .text.eiremain
                0x000000000100657c       0xf2 c:/mikronide/riscv-gcc/bin/../lib/gcc/riscv64-unknown-elf/12.2.1/../../../../riscv64-unknown-elf/lib/rv32imc/ilp32\libc.a(lib_a-ldtoa.o)
 .text.e113toe.isra.0
                0x000000000100666e       0xfa c:/mikronide/riscv-gcc/bin/../lib/gcc/riscv64-unknown-elf/12.2.1/../../../../riscv64-unknown-elf/lib/rv32imc/ilp32\libc.a(lib_a-ldtoa.o)
 .text.ediv     0x0000000001006768      0x428 c:/mikronide/riscv-gcc/bin/../lib/gcc/riscv64-unknown-elf/12.2.1/../../../../riscv64-unknown-elf/lib/rv32imc/ilp32\libc.a(lib_a-ldtoa.o)
 .text.emul     0x0000000001006b90      0x39c c:/mikronide/riscv-gcc/bin/../lib/gcc/riscv64-unknown-elf/12.2.1/../../../../riscv64-unknown-elf/lib/rv32imc/ilp32\libc.a(lib_a-ldtoa.o)
 .text._ldtoa_r
                0x0000000001006f2c      0xe52 c:/mikronide/riscv-gcc/bin/../lib/gcc/riscv64-unknown-elf/12.2.1/../../../../riscv64-unknown-elf/lib/rv32imc/ilp32\libc.a(lib_a-ldtoa.o)
                0x0000000001006f2c                _ldtoa_r
 .text._ldcheck
                0x0000000001007d7e       0x4a c:/mikronide/riscv-gcc/bin/../lib/gcc/riscv64-unknown-elf/12.2.1/../../../../riscv64-unknown-elf/lib/rv32imc/ilp32\libc.a(lib_a-ldtoa.o)
                0x0000000001007d7e                _ldcheck
 .text._localeconv_r
                0x0000000001007dc8        0xa c:/mikronide/riscv-gcc/bin/../lib/gcc/riscv64-unknown-elf/12.2.1/../../../../riscv64-unknown-elf/lib/rv32imc/ilp32\libc.a(lib_a-localeconv.o)
                0x0000000001007dc8                _localeconv_r
 .text._malloc_r
                0x0000000001007dd2      0x5a2 c:/mikronide/riscv-gcc/bin/../lib/gcc/riscv64-unknown-elf/12.2.1/../../../../riscv64-unknown-elf/lib/rv32imc/ilp32\libc.a(lib_a-mallocr.o)
                0x0000000001007dd2                _malloc_r
 .text.memchr   0x0000000001008374       0x90 c:/mikronide/riscv-gcc/bin/../lib/gcc/riscv64-unknown-elf/12.2.1/../../../../riscv64-unknown-elf/lib/rv32imc/ilp32\libc.a(lib_a-memchr.o)
                0x0000000001008374                memchr
 .text.__malloc_lock
                0x0000000001008404        0x2 c:/mikronide/riscv-gcc/bin/../lib/gcc/riscv64-unknown-elf/12.2.1/../../../../riscv64-unknown-elf/lib/rv32imc/ilp32\libc.a(lib_a-mlock.o)
                0x0000000001008404                __malloc_lock
 .text.__malloc_unlock
                0x0000000001008406        0x2 c:/mikronide/riscv-gcc/bin/../lib/gcc/riscv64-unknown-elf/12.2.1/../../../../riscv64-unknown-elf/lib/rv32imc/ilp32\libc.a(lib_a-mlock.o)
                0x0000000001008406                __malloc_unlock
 .text._Balloc  0x0000000001008408       0x62 c:/mikronide/riscv-gcc/bin/../lib/gcc/riscv64-unknown-elf/12.2.1/../../../../riscv64-unknown-elf/lib/rv32imc/ilp32\libc.a(lib_a-mprec.o)
                0x0000000001008408                _Balloc
 .text._Bfree   0x000000000100846a       0x12 c:/mikronide/riscv-gcc/bin/../lib/gcc/riscv64-unknown-elf/12.2.1/../../../../riscv64-unknown-elf/lib/rv32imc/ilp32\libc.a(lib_a-mprec.o)
                0x000000000100846a                _Bfree
 .text.frexp    0x000000000100847c       0x7c c:/mikronide/riscv-gcc/bin/../lib/gcc/riscv64-unknown-elf/12.2.1/../../../../riscv64-unknown-elf/lib/rv32imc/ilp32\libc.a(lib_a-s_frexp.o)
                0x000000000100847c                frexp
 .text._sbrk_r  0x00000000010084f8       0x3c c:/mikronide/riscv-gcc/bin/../lib/gcc/riscv64-unknown-elf/12.2.1/../../../../riscv64-unknown-elf/lib/rv32imc/ilp32\libc.a(lib_a-sbrkr.o)
                0x00000000010084f8                _sbrk_r
 .text.strcpy   0x0000000001008534       0x78 c:/mikronide/riscv-gcc/bin/../lib/gcc/riscv64-unknown-elf/12.2.1/../../../../riscv64-unknown-elf/lib/rv32imc/ilp32\libc.a(lib_a-strcpy.o)
                0x0000000001008534                strcpy
 .text.strlen   0x00000000010085ac       0x64 c:/mikronide/riscv-gcc/bin/../lib/gcc/riscv64-unknown-elf/12.2.1/../../../../riscv64-unknown-elf/lib/rv32imc/ilp32\libc.a(lib_a-strlen.o)
                0x00000000010085ac                strlen
 .text.strncpy  0x0000000001008610       0x7c c:/mikronide/riscv-gcc/bin/../lib/gcc/riscv64-unknown-elf/12.2.1/../../../../riscv64-unknown-elf/lib/rv32imc/ilp32\libc.a(lib_a-strncpy.o)
                0x0000000001008610                strncpy
 .text.__ssprint_r
                0x000000000100868c      0x12c c:/mikronide/riscv-gcc/bin/../lib/gcc/riscv64-unknown-elf/12.2.1/../../../../riscv64-unknown-elf/lib/rv32imc/ilp32\libc.a(lib_a-svfiprintf.o)
                0x000000000100868c                __ssprint_r
 .text.__assert_func
                0x00000000010087b8       0x42 c:/mikronide/riscv-gcc/bin/../lib/gcc/riscv64-unknown-elf/12.2.1/../../../../riscv64-unknown-elf/lib/rv32imc/ilp32\libc.a(lib_a-assert.o)
                0x00000000010087b8                __assert_func
 .text._calloc_r
                0x00000000010087fa       0xa6 c:/mikronide/riscv-gcc/bin/../lib/gcc/riscv64-unknown-elf/12.2.1/../../../../riscv64-unknown-elf/lib/rv32imc/ilp32\libc.a(lib_a-callocr.o)
                0x00000000010087fa                _calloc_r
 .text.__errno  0x00000000010088a0        0xa c:/mikronide/riscv-gcc/bin/../lib/gcc/riscv64-unknown-elf/12.2.1/../../../../riscv64-unknown-elf/lib/rv32imc/ilp32\libc.a(lib_a-errno.o)
                0x00000000010088a0                __errno
 .text.fiprintf
                0x00000000010088aa       0x2c c:/mikronide/riscv-gcc/bin/../lib/gcc/riscv64-unknown-elf/12.2.1/../../../../riscv64-unknown-elf/lib/rv32imc/ilp32\libc.a(lib_a-fiprintf.o)
                0x00000000010088aa                fiprintf
 .text.__locale_mb_cur_max
                0x00000000010088d6        0xa c:/mikronide/riscv-gcc/bin/../lib/gcc/riscv64-unknown-elf/12.2.1/../../../../riscv64-unknown-elf/lib/rv32imc/ilp32\libc.a(lib_a-locale.o)
                0x00000000010088d6                __locale_mb_cur_max
 .text.__ascii_mbtowc
                0x00000000010088e0       0x40 c:/mikronide/riscv-gcc/bin/../lib/gcc/riscv64-unknown-elf/12.2.1/../../../../riscv64-unknown-elf/lib/rv32imc/ilp32\libc.a(lib_a-mbtowc_r.o)
                0x00000000010088e0                __ascii_mbtowc
 .text.memcpy   0x0000000001008920      0x146 c:/mikronide/riscv-gcc/bin/../lib/gcc/riscv64-unknown-elf/12.2.1/../../../../riscv64-unknown-elf/lib/rv32imc/ilp32\libc.a(lib_a-memcpy.o)
                0x0000000001008920                memcpy
 .text._realloc_r
                0x0000000001008a66      0x3d0 c:/mikronide/riscv-gcc/bin/../lib/gcc/riscv64-unknown-elf/12.2.1/../../../../riscv64-unknown-elf/lib/rv32imc/ilp32\libc.a(lib_a-reallocr.o)
                0x0000000001008a66                _realloc_r
 .text.__sprint_r.part.0
                0x0000000001008e36       0x98 c:/mikronide/riscv-gcc/bin/../lib/gcc/riscv64-unknown-elf/12.2.1/../../../../riscv64-unknown-elf/lib/rv32imc/ilp32\libc.a(lib_a-vfiprintf.o)
 .text._vfiprintf_r
                0x0000000001008ece      0xdee c:/mikronide/riscv-gcc/bin/../lib/gcc/riscv64-unknown-elf/12.2.1/../../../../riscv64-unknown-elf/lib/rv32imc/ilp32\libc.a(lib_a-vfiprintf.o)
                0x0000000001008ece                _vfiprintf_r
 .text.__sbprintf
                0x0000000001009cbc       0x94 c:/mikronide/riscv-gcc/bin/../lib/gcc/riscv64-unknown-elf/12.2.1/../../../../riscv64-unknown-elf/lib/rv32imc/ilp32\libc.a(lib_a-vfiprintf.o)
 .text.__ascii_wctomb
                0x0000000001009d50       0x20 c:/mikronide/riscv-gcc/bin/../lib/gcc/riscv64-unknown-elf/12.2.1/../../../../riscv64-unknown-elf/lib/rv32imc/ilp32\libc.a(lib_a-wctomb_r.o)
                0x0000000001009d50                __ascii_wctomb
 .text.__swsetup_r
                0x0000000001009d70       0xde c:/mikronide/riscv-gcc/bin/../lib/gcc/riscv64-unknown-elf/12.2.1/../../../../riscv64-unknown-elf/lib/rv32imc/ilp32\libc.a(lib_a-wsetup.o)
                0x0000000001009d70                __swsetup_r
 .text.abort    0x0000000001009e4e       0x14 c:/mikronide/riscv-gcc/bin/../lib/gcc/riscv64-unknown-elf/12.2.1/../../../../riscv64-unknown-elf/lib/rv32imc/ilp32\libc.a(lib_a-abort.o)
                0x0000000001009e4e                abort
 .text.__sflush_r
                0x0000000001009e62      0x182 c:/mikronide/riscv-gcc/bin/../lib/gcc/riscv64-unknown-elf/12.2.1/../../../../riscv64-unknown-elf/lib/rv32imc/ilp32\libc.a(lib_a-fflush.o)
                0x0000000001009e62                __sflush_r
 .text._fflush_r
                0x0000000001009fe4       0x34 c:/mikronide/riscv-gcc/bin/../lib/gcc/riscv64-unknown-elf/12.2.1/../../../../riscv64-unknown-elf/lib/rv32imc/ilp32\libc.a(lib_a-fflush.o)
                0x0000000001009fe4                _fflush_r
 .text._cleanup_r
                0x000000000100a018        0xa c:/mikronide/riscv-gcc/bin/../lib/gcc/riscv64-unknown-elf/12.2.1/../../../../riscv64-unknown-elf/lib/rv32imc/ilp32\libc.a(lib_a-findfp.o)
                0x000000000100a018                _cleanup_r
 .text.__sinit.part.0
                0x000000000100a022      0x134 c:/mikronide/riscv-gcc/bin/../lib/gcc/riscv64-unknown-elf/12.2.1/../../../../riscv64-unknown-elf/lib/rv32imc/ilp32\libc.a(lib_a-findfp.o)
 .text.__sinit  0x000000000100a156        0x8 c:/mikronide/riscv-gcc/bin/../lib/gcc/riscv64-unknown-elf/12.2.1/../../../../riscv64-unknown-elf/lib/rv32imc/ilp32\libc.a(lib_a-findfp.o)
                0x000000000100a156                __sinit
 .text.__sfp_lock_acquire
                0x000000000100a15e        0x2 c:/mikronide/riscv-gcc/bin/../lib/gcc/riscv64-unknown-elf/12.2.1/../../../../riscv64-unknown-elf/lib/rv32imc/ilp32\libc.a(lib_a-findfp.o)
                0x000000000100a15e                __sfp_lock_acquire
 .text.__sfp_lock_release
                0x000000000100a160        0x2 c:/mikronide/riscv-gcc/bin/../lib/gcc/riscv64-unknown-elf/12.2.1/../../../../riscv64-unknown-elf/lib/rv32imc/ilp32\libc.a(lib_a-findfp.o)
                0x000000000100a160                __sfp_lock_release
 .text.__fputwc
                0x000000000100a162       0xa0 c:/mikronide/riscv-gcc/bin/../lib/gcc/riscv64-unknown-elf/12.2.1/../../../../riscv64-unknown-elf/lib/rv32imc/ilp32\libc.a(lib_a-fputwc.o)
                0x000000000100a162                __fputwc
 .text._fputwc_r
                0x000000000100a202       0x1e c:/mikronide/riscv-gcc/bin/../lib/gcc/riscv64-unknown-elf/12.2.1/../../../../riscv64-unknown-elf/lib/rv32imc/ilp32\libc.a(lib_a-fputwc.o)
                0x000000000100a202                _fputwc_r
 .text.__sfvwrite_r
                0x000000000100a220      0x320 c:/mikronide/riscv-gcc/bin/../lib/gcc/riscv64-unknown-elf/12.2.1/../../../../riscv64-unknown-elf/lib/rv32imc/ilp32\libc.a(lib_a-fvwrite.o)
                0x000000000100a220                __sfvwrite_r
 .text._fwalk_reent
                0x000000000100a540       0x74 c:/mikronide/riscv-gcc/bin/../lib/gcc/riscv64-unknown-elf/12.2.1/../../../../riscv64-unknown-elf/lib/rv32imc/ilp32\libc.a(lib_a-fwalk.o)
                0x000000000100a540                _fwalk_reent
 .text.__smakebuf_r
                0x000000000100a5b4      0x10c c:/mikronide/riscv-gcc/bin/../lib/gcc/riscv64-unknown-elf/12.2.1/../../../../riscv64-unknown-elf/lib/rv32imc/ilp32\libc.a(lib_a-makebuf.o)
                0x000000000100a5b4                __smakebuf_r
 .text.raise    0x000000000100a6c0       0x72 c:/mikronide/riscv-gcc/bin/../lib/gcc/riscv64-unknown-elf/12.2.1/../../../../riscv64-unknown-elf/lib/rv32imc/ilp32\libc.a(lib_a-signal.o)
                0x000000000100a6c0                raise
 .text._kill_r  0x000000000100a732       0x40 c:/mikronide/riscv-gcc/bin/../lib/gcc/riscv64-unknown-elf/12.2.1/../../../../riscv64-unknown-elf/lib/rv32imc/ilp32\libc.a(lib_a-signalr.o)
                0x000000000100a732                _kill_r
 .text._getpid_r
                0x000000000100a772        0x8 c:/mikronide/riscv-gcc/bin/../lib/gcc/riscv64-unknown-elf/12.2.1/../../../../riscv64-unknown-elf/lib/rv32imc/ilp32\libc.a(lib_a-signalr.o)
                0x000000000100a772                _getpid_r
 .text.__sread  0x000000000100a77a       0x36 c:/mikronide/riscv-gcc/bin/../lib/gcc/riscv64-unknown-elf/12.2.1/../../../../riscv64-unknown-elf/lib/rv32imc/ilp32\libc.a(lib_a-stdio.o)
                0x000000000100a77a                __sread
 .text.__swrite
                0x000000000100a7b0       0x50 c:/mikronide/riscv-gcc/bin/../lib/gcc/riscv64-unknown-elf/12.2.1/../../../../riscv64-unknown-elf/lib/rv32imc/ilp32\libc.a(lib_a-stdio.o)
                0x000000000100a7b0                __swrite
 .text.__sseek  0x000000000100a800       0x48 c:/mikronide/riscv-gcc/bin/../lib/gcc/riscv64-unknown-elf/12.2.1/../../../../riscv64-unknown-elf/lib/rv32imc/ilp32\libc.a(lib_a-stdio.o)
                0x000000000100a800                __sseek
 .text.__sclose
                0x000000000100a848        0x6 c:/mikronide/riscv-gcc/bin/../lib/gcc/riscv64-unknown-elf/12.2.1/../../../../riscv64-unknown-elf/lib/rv32imc/ilp32\libc.a(lib_a-stdio.o)
                0x000000000100a848                __sclose
 .text.__swbuf_r
                0x000000000100a84e       0xf2 c:/mikronide/riscv-gcc/bin/../lib/gcc/riscv64-unknown-elf/12.2.1/../../../../riscv64-unknown-elf/lib/rv32imc/ilp32\libc.a(lib_a-wbuf.o)
                0x000000000100a84e                __swbuf_r
 .text._wcrtomb_r
                0x000000000100a940       0x48 c:/mikronide/riscv-gcc/bin/../lib/gcc/riscv64-unknown-elf/12.2.1/../../../../riscv64-unknown-elf/lib/rv32imc/ilp32\libc.a(lib_a-wcrtomb.o)
                0x000000000100a940                _wcrtomb_r
 .text._write_r
                0x000000000100a988       0x42 c:/mikronide/riscv-gcc/bin/../lib/gcc/riscv64-unknown-elf/12.2.1/../../../../riscv64-unknown-elf/lib/rv32imc/ilp32\libc.a(lib_a-writer.o)
                0x000000000100a988                _write_r
 .text._close_r
                0x000000000100a9ca       0x3c c:/mikronide/riscv-gcc/bin/../lib/gcc/riscv64-unknown-elf/12.2.1/../../../../riscv64-unknown-elf/lib/rv32imc/ilp32\libc.a(lib_a-closer.o)
                0x000000000100a9ca                _close_r
 .text._fclose_r
                0x000000000100aa06       0xae c:/mikronide/riscv-gcc/bin/../lib/gcc/riscv64-unknown-elf/12.2.1/../../../../riscv64-unknown-elf/lib/rv32imc/ilp32\libc.a(lib_a-fclose.o)
                0x000000000100aa06                _fclose_r
 .text._fstat_r
                0x000000000100aab4       0x40 c:/mikronide/riscv-gcc/bin/../lib/gcc/riscv64-unknown-elf/12.2.1/../../../../riscv64-unknown-elf/lib/rv32imc/ilp32\libc.a(lib_a-fstatr.o)
                0x000000000100aab4                _fstat_r
 .text._isatty_r
                0x000000000100aaf4       0x3c c:/mikronide/riscv-gcc/bin/../lib/gcc/riscv64-unknown-elf/12.2.1/../../../../riscv64-unknown-elf/lib/rv32imc/ilp32\libc.a(lib_a-isattyr.o)
                0x000000000100aaf4                _isatty_r
 .text._lseek_r
                0x000000000100ab30       0x42 c:/mikronide/riscv-gcc/bin/../lib/gcc/riscv64-unknown-elf/12.2.1/../../../../riscv64-unknown-elf/lib/rv32imc/ilp32\libc.a(lib_a-lseekr.o)
                0x000000000100ab30                _lseek_r
 .text._read_r  0x000000000100ab72       0x42 c:/mikronide/riscv-gcc/bin/../lib/gcc/riscv64-unknown-elf/12.2.1/../../../../riscv64-unknown-elf/lib/rv32imc/ilp32\libc.a(lib_a-readr.o)
                0x000000000100ab72                _read_r
 *(.rodata)
 .rodata        0x000000000100abb4      0x100 c:/mikronide/riscv-gcc/bin/../lib/gcc/riscv64-unknown-elf/12.2.1/rv32imc/ilp32\libgcc.a(_clz.o)
                0x000000000100abb4                __clz_tab
 *(.rodata.*)
 .rodata.str1.4
                0x000000000100acb4        0x4 ./src/main.o
 .rodata._svfprintf_r.str1.4
                0x000000000100acb8       0x42 c:/mikronide/riscv-gcc/bin/../lib/gcc/riscv64-unknown-elf/12.2.1/../../../../riscv64-unknown-elf/lib/rv32imc/ilp32\libc.a(lib_a-svfprintf.o)
 *fill*         0x000000000100acfa        0x2 
 .rodata._svfprintf_r
                0x000000000100acfc      0x204 c:/mikronide/riscv-gcc/bin/../lib/gcc/riscv64-unknown-elf/12.2.1/../../../../riscv64-unknown-elf/lib/rv32imc/ilp32\libc.a(lib_a-svfprintf.o)
 .rodata.zeroes.0
                0x000000000100af00       0x10 c:/mikronide/riscv-gcc/bin/../lib/gcc/riscv64-unknown-elf/12.2.1/../../../../riscv64-unknown-elf/lib/rv32imc/ilp32\libc.a(lib_a-svfprintf.o)
 .rodata.blanks.1
                0x000000000100af10       0x10 c:/mikronide/riscv-gcc/bin/../lib/gcc/riscv64-unknown-elf/12.2.1/../../../../riscv64-unknown-elf/lib/rv32imc/ilp32\libc.a(lib_a-svfprintf.o)
 .rodata.cst16  0x000000000100af20       0x30 c:/mikronide/riscv-gcc/bin/../lib/gcc/riscv64-unknown-elf/12.2.1/../../../../riscv64-unknown-elf/lib/rv32imc/ilp32\libc.a(lib_a-svfprintf.o)
 .rodata._ldtoa_r.str1.4
                0x000000000100af50       0xa2 c:/mikronide/riscv-gcc/bin/../lib/gcc/riscv64-unknown-elf/12.2.1/../../../../riscv64-unknown-elf/lib/rv32imc/ilp32\libc.a(lib_a-ldtoa.o)
 *fill*         0x000000000100aff2        0x2 
 .rodata.bmask  0x000000000100aff4       0x22 c:/mikronide/riscv-gcc/bin/../lib/gcc/riscv64-unknown-elf/12.2.1/../../../../riscv64-unknown-elf/lib/rv32imc/ilp32\libc.a(lib_a-ldtoa.o)
 *fill*         0x000000000100b016        0x2 
 .rodata.emtens
                0x000000000100b018      0x104 c:/mikronide/riscv-gcc/bin/../lib/gcc/riscv64-unknown-elf/12.2.1/../../../../riscv64-unknown-elf/lib/rv32imc/ilp32\libc.a(lib_a-ldtoa.o)
 .rodata.etens  0x000000000100b11c      0x104 c:/mikronide/riscv-gcc/bin/../lib/gcc/riscv64-unknown-elf/12.2.1/../../../../riscv64-unknown-elf/lib/rv32imc/ilp32\libc.a(lib_a-ldtoa.o)
 .rodata.eone   0x000000000100b220       0x14 c:/mikronide/riscv-gcc/bin/../lib/gcc/riscv64-unknown-elf/12.2.1/../../../../riscv64-unknown-elf/lib/rv32imc/ilp32\libc.a(lib_a-ldtoa.o)
 .rodata.ezero  0x000000000100b234       0x14 c:/mikronide/riscv-gcc/bin/../lib/gcc/riscv64-unknown-elf/12.2.1/../../../../riscv64-unknown-elf/lib/rv32imc/ilp32\libc.a(lib_a-ldtoa.o)
 .rodata.__assert_func.str1.4
                0x000000000100b248       0x3f c:/mikronide/riscv-gcc/bin/../lib/gcc/riscv64-unknown-elf/12.2.1/../../../../riscv64-unknown-elf/lib/rv32imc/ilp32\libc.a(lib_a-assert.o)
                                         0x43 (size before relaxing)
 *fill*         0x000000000100b287        0x1 
 .rodata._setlocale_r.str1.4
                0x000000000100b288        0xa c:/mikronide/riscv-gcc/bin/../lib/gcc/riscv64-unknown-elf/12.2.1/../../../../riscv64-unknown-elf/lib/rv32imc/ilp32\libc.a(lib_a-locale.o)
                                          0xd (size before relaxing)
 *fill*         0x000000000100b292        0x2 
 .rodata.str1.4
                0x000000000100b294        0x2 c:/mikronide/riscv-gcc/bin/../lib/gcc/riscv64-unknown-elf/12.2.1/../../../../riscv64-unknown-elf/lib/rv32imc/ilp32\libc.a(lib_a-locale.o)
 .rodata._vfiprintf_r.str1.4
                0x000000000100b296       0x2f c:/mikronide/riscv-gcc/bin/../lib/gcc/riscv64-unknown-elf/12.2.1/../../../../riscv64-unknown-elf/lib/rv32imc/ilp32\libc.a(lib_a-vfiprintf.o)
 *fill*         0x000000000100b296        0x2 
 .rodata._vfiprintf_r
                0x000000000100b298      0x16c c:/mikronide/riscv-gcc/bin/../lib/gcc/riscv64-unknown-elf/12.2.1/../../../../riscv64-unknown-elf/lib/rv32imc/ilp32\libc.a(lib_a-vfiprintf.o)
 .rodata.zeroes.0
                0x000000000100b404       0x10 c:/mikronide/riscv-gcc/bin/../lib/gcc/riscv64-unknown-elf/12.2.1/../../../../riscv64-unknown-elf/lib/rv32imc/ilp32\libc.a(lib_a-vfiprintf.o)
 .rodata.blanks.1
                0x000000000100b414       0x10 c:/mikronide/riscv-gcc/bin/../lib/gcc/riscv64-unknown-elf/12.2.1/../../../../riscv64-unknown-elf/lib/rv32imc/ilp32\libc.a(lib_a-vfiprintf.o)
 .rodata._ctype_
                0x000000000100b424      0x101 c:/mikronide/riscv-gcc/bin/../lib/gcc/riscv64-unknown-elf/12.2.1/../../../../riscv64-unknown-elf/lib/rv32imc/ilp32\libc.a(lib_a-ctype_.o)
                0x000000000100b424                _ctype_
                0x000000000100b530                . = ALIGN (CL_SIZE)
 *fill*         0x000000000100b525        0xb 
                0x000000000100b530                PROVIDE (__TEXT_END__ = .)

.rela.dyn       0x000000000100b530        0x0
 .rela.text.startup
                0x000000000100b530        0x0 ./src/main.o
 .rela.text     0x000000000100b530        0x0 ./src/main.o
 .rela.trap_text
                0x000000000100b530        0x0 ./src/main.o

.data           0x0000000002000000      0x9e0 load address 0x000000000100b530
                0x0000000002000000                PROVIDE (__DATA_START__ = .)
                0x0000000002000000                _gp = .
 *(.srodata.cst16)
 *(.srodata.cst8)
 .srodata.cst8  0x0000000002000000       0x10 ./src/main.o
 .srodata.cst8  0x0000000002000010        0x8 c:/mikronide/riscv-gcc/bin/../lib/gcc/riscv64-unknown-elf/12.2.1/../../../../riscv64-unknown-elf/lib/rv32imc/ilp32\libc.a(lib_a-s_frexp.o)
 *(.srodata.cst4)
 *(.srodata.cst2)
 *(.srodata*)
 *(.sdata .sdata.* .gnu.linkonce.s.*)
 .sdata         0x0000000002000018       0x1c ./src/main.o
                0x0000000002000018                flag
                0x000000000200001c                R
                0x0000000002000020                C
                0x0000000002000024                COEF
                0x0000000002000028                treb
                0x000000000200002c                Q
                0x0000000002000030                tp
 .sdata._impure_ptr
                0x0000000002000034        0x4 c:/mikronide/riscv-gcc/bin/../lib/gcc/riscv64-unknown-elf/12.2.1/../../../../riscv64-unknown-elf/lib/rv32imc/ilp32\libc.a(lib_a-impure.o)
                0x0000000002000034                _impure_ptr
 .sdata.__malloc_sbrk_base
                0x0000000002000038        0x4 c:/mikronide/riscv-gcc/bin/../lib/gcc/riscv64-unknown-elf/12.2.1/../../../../riscv64-unknown-elf/lib/rv32imc/ilp32\libc.a(lib_a-mallocr.o)
                0x0000000002000038                __malloc_sbrk_base
 .sdata.__malloc_trim_threshold
                0x000000000200003c        0x4 c:/mikronide/riscv-gcc/bin/../lib/gcc/riscv64-unknown-elf/12.2.1/../../../../riscv64-unknown-elf/lib/rv32imc/ilp32\libc.a(lib_a-mallocr.o)
                0x000000000200003c                __malloc_trim_threshold
 *(.data .data.*)
 .data.impure_data
                0x0000000002000040      0x428 c:/mikronide/riscv-gcc/bin/../lib/gcc/riscv64-unknown-elf/12.2.1/../../../../riscv64-unknown-elf/lib/rv32imc/ilp32\libc.a(lib_a-impure.o)
 .data.__malloc_av_
                0x0000000002000468      0x408 c:/mikronide/riscv-gcc/bin/../lib/gcc/riscv64-unknown-elf/12.2.1/../../../../riscv64-unknown-elf/lib/rv32imc/ilp32\libc.a(lib_a-mallocr.o)
                0x0000000002000468                __malloc_av_
 .data.__global_locale
                0x0000000002000870      0x16c c:/mikronide/riscv-gcc/bin/../lib/gcc/riscv64-unknown-elf/12.2.1/../../../../riscv64-unknown-elf/lib/rv32imc/ilp32\libc.a(lib_a-locale.o)
                0x0000000002000870                __global_locale
                0x00000000020009e0                . = ALIGN (CL_SIZE)
 *fill*         0x00000000020009dc        0x4 
                0x000000000100b530                __DATA_IMAGE_START__ = LOADADDR (.data)
                0x000000000100bf10                __DATA_IMAGE_END__ = (LOADADDR (.data) + SIZEOF (.data))
                0x0000000000000000                ASSERT ((__DATA_IMAGE_END__ < (ORIGIN (rom) + LENGTH (rom))), Data image overflows rom section)

.tdata          0x00000000020009e0        0x0
                [!provide]                        PROVIDE (_tls_data = .)
                [!provide]                        PROVIDE (_tdata_begin = .)
 *(.tdata .tdata.*)
                [!provide]                        PROVIDE (_tdata_end = .)
                0x00000000020009e0                . = ALIGN (CL_SIZE)

.tbss           0x00000000020009e0        0x0
                0x00000000020009e0                PROVIDE (__BSS_START__ = .)
 *(.tbss .tbss.*)
                0x00000000020009e0                . = ALIGN (CL_SIZE)
                [!provide]                        PROVIDE (_tbss_end = .)

.sbss           0x00000000020009e0       0x30 load address 0x000000000100bf10
 *(.sbss .sbss.* .gnu.linkonce.sb.*)
 .sbss          0x00000000020009e0       0x1d ./src/main.o
                0x00000000020009f0                signal
                0x00000000020009f4                predvalue
                0x00000000020009f8                value
                0x00000000020009fc                pulse
 *fill*         0x00000000020009fd        0x3 
 .sbss.__malloc_max_total_mem
                0x0000000002000a00        0x4 c:/mikronide/riscv-gcc/bin/../lib/gcc/riscv64-unknown-elf/12.2.1/../../../../riscv64-unknown-elf/lib/rv32imc/ilp32\libc.a(lib_a-mallocr.o)
                0x0000000002000a00                __malloc_max_total_mem
 .sbss.__malloc_max_sbrked_mem
                0x0000000002000a04        0x4 c:/mikronide/riscv-gcc/bin/../lib/gcc/riscv64-unknown-elf/12.2.1/../../../../riscv64-unknown-elf/lib/rv32imc/ilp32\libc.a(lib_a-mallocr.o)
                0x0000000002000a04                __malloc_max_sbrked_mem
 .sbss.__malloc_top_pad
                0x0000000002000a08        0x4 c:/mikronide/riscv-gcc/bin/../lib/gcc/riscv64-unknown-elf/12.2.1/../../../../riscv64-unknown-elf/lib/rv32imc/ilp32\libc.a(lib_a-mallocr.o)
                0x0000000002000a08                __malloc_top_pad
 .sbss.errno    0x0000000002000a0c        0x4 c:/mikronide/riscv-gcc/bin/../lib/gcc/riscv64-unknown-elf/12.2.1/../../../../riscv64-unknown-elf/lib/rv32imc/ilp32\libc.a(lib_a-reent.o)
                0x0000000002000a0c                errno
 *(.scommon)

.bss            0x0000000002000a10       0x50 load address 0x000000000100bf40
 *(.bss .bss.*)
 .bss           0x0000000002000a10       0x28 ./src/main.o
 .bss.__malloc_current_mallinfo
                0x0000000002000a38       0x28 c:/mikronide/riscv-gcc/bin/../lib/gcc/riscv64-unknown-elf/12.2.1/../../../../riscv64-unknown-elf/lib/rv32imc/ilp32\libc.a(lib_a-mallocr.o)
                0x0000000002000a38                __malloc_current_mallinfo
                0x0000000002000a60                . = ALIGN (CL_SIZE)
                0x0000000002000a60                PROVIDE (__BSS_END__ = .)
                0x0000000002000a60                _end = .
                [!provide]                        PROVIDE (__end = .)

.stack          0x0000000002003c00      0x400 load address 0x000000000100f130
 FILL mask 0x00000000
                [!provide]                        PROVIDE (__STACK_START__ = .)
                0x0000000002004000                . = (. + STACK_SIZE)
 *fill*         0x0000000002003c00      0x400 00000000
                0x0000000002004000                PROVIDE (__C_STACK_TOP__ = .)
                [!provide]                        PROVIDE (__STACK_END__ = .)

/DISCARD/
 *(.eh_frame .eh_frame.*)
OUTPUT(template2.elf elf32-littleriscv)

.debug_info     0x0000000000000000     0x5989
 .debug_info    0x0000000000000000      0xc21 ./src/main.o
 .debug_info    0x0000000000000c21       0x23 ./runtime/crt0.o
 .debug_info    0x0000000000000c44      0x4fe c:/mikronide/riscv-gcc/bin/../lib/gcc/riscv64-unknown-elf/12.2.1/rv32imc/ilp32\libgcc.a(adddf3.o)
 .debug_info    0x0000000000001142      0x6b4 c:/mikronide/riscv-gcc/bin/../lib/gcc/riscv64-unknown-elf/12.2.1/rv32imc/ilp32\libgcc.a(muldf3.o)
 .debug_info    0x00000000000017f6      0x228 c:/mikronide/riscv-gcc/bin/../lib/gcc/riscv64-unknown-elf/12.2.1/rv32imc/ilp32\libgcc.a(eqtf2.o)
 .debug_info    0x0000000000001a1e      0x22a c:/mikronide/riscv-gcc/bin/../lib/gcc/riscv64-unknown-elf/12.2.1/rv32imc/ilp32\libgcc.a(getf2.o)
 .debug_info    0x0000000000001c48      0x22a c:/mikronide/riscv-gcc/bin/../lib/gcc/riscv64-unknown-elf/12.2.1/rv32imc/ilp32\libgcc.a(letf2.o)
 .debug_info    0x0000000000001e72     0x10bb c:/mikronide/riscv-gcc/bin/../lib/gcc/riscv64-unknown-elf/12.2.1/rv32imc/ilp32\libgcc.a(multf3.o)
 .debug_info    0x0000000000002f2d      0xcac c:/mikronide/riscv-gcc/bin/../lib/gcc/riscv64-unknown-elf/12.2.1/rv32imc/ilp32\libgcc.a(subtf3.o)
 .debug_info    0x0000000000003bd9      0x254 c:/mikronide/riscv-gcc/bin/../lib/gcc/riscv64-unknown-elf/12.2.1/rv32imc/ilp32\libgcc.a(fixtfsi.o)
 .debug_info    0x0000000000003e2d      0x339 c:/mikronide/riscv-gcc/bin/../lib/gcc/riscv64-unknown-elf/12.2.1/rv32imc/ilp32\libgcc.a(floatsitf.o)
 .debug_info    0x0000000000004166      0x2f0 c:/mikronide/riscv-gcc/bin/../lib/gcc/riscv64-unknown-elf/12.2.1/rv32imc/ilp32\libgcc.a(addsf3.o)
 .debug_info    0x0000000000004456      0x354 c:/mikronide/riscv-gcc/bin/../lib/gcc/riscv64-unknown-elf/12.2.1/rv32imc/ilp32\libgcc.a(mulsf3.o)
 .debug_info    0x00000000000047aa      0x2ec c:/mikronide/riscv-gcc/bin/../lib/gcc/riscv64-unknown-elf/12.2.1/rv32imc/ilp32\libgcc.a(subsf3.o)
 .debug_info    0x0000000000004a96      0x254 c:/mikronide/riscv-gcc/bin/../lib/gcc/riscv64-unknown-elf/12.2.1/rv32imc/ilp32\libgcc.a(extendsfdf2.o)
 .debug_info    0x0000000000004cea      0x398 c:/mikronide/riscv-gcc/bin/../lib/gcc/riscv64-unknown-elf/12.2.1/rv32imc/ilp32\libgcc.a(extenddftf2.o)
 .debug_info    0x0000000000005082      0x26f c:/mikronide/riscv-gcc/bin/../lib/gcc/riscv64-unknown-elf/12.2.1/rv32imc/ilp32\libgcc.a(truncdfsf2.o)
 .debug_info    0x00000000000052f1      0x47e c:/mikronide/riscv-gcc/bin/../lib/gcc/riscv64-unknown-elf/12.2.1/rv32imc/ilp32\libgcc.a(trunctfdf2.o)
 .debug_info    0x000000000000576f      0x142 c:/mikronide/riscv-gcc/bin/../lib/gcc/riscv64-unknown-elf/12.2.1/rv32imc/ilp32\libgcc.a(_clzsi2.o)
 .debug_info    0x00000000000058b1       0xd8 c:/mikronide/riscv-gcc/bin/../lib/gcc/riscv64-unknown-elf/12.2.1/rv32imc/ilp32\libgcc.a(_clz.o)

.debug_abbrev   0x0000000000000000     0x1c1f
 .debug_abbrev  0x0000000000000000      0x30a ./src/main.o
 .debug_abbrev  0x000000000000030a       0x12 ./runtime/crt0.o
 .debug_abbrev  0x000000000000031c      0x17f c:/mikronide/riscv-gcc/bin/../lib/gcc/riscv64-unknown-elf/12.2.1/rv32imc/ilp32\libgcc.a(adddf3.o)
 .debug_abbrev  0x000000000000049b      0x185 c:/mikronide/riscv-gcc/bin/../lib/gcc/riscv64-unknown-elf/12.2.1/rv32imc/ilp32\libgcc.a(muldf3.o)
 .debug_abbrev  0x0000000000000620      0x161 c:/mikronide/riscv-gcc/bin/../lib/gcc/riscv64-unknown-elf/12.2.1/rv32imc/ilp32\libgcc.a(eqtf2.o)
 .debug_abbrev  0x0000000000000781      0x177 c:/mikronide/riscv-gcc/bin/../lib/gcc/riscv64-unknown-elf/12.2.1/rv32imc/ilp32\libgcc.a(getf2.o)
 .debug_abbrev  0x00000000000008f8      0x177 c:/mikronide/riscv-gcc/bin/../lib/gcc/riscv64-unknown-elf/12.2.1/rv32imc/ilp32\libgcc.a(letf2.o)
 .debug_abbrev  0x0000000000000a6f      0x1a0 c:/mikronide/riscv-gcc/bin/../lib/gcc/riscv64-unknown-elf/12.2.1/rv32imc/ilp32\libgcc.a(multf3.o)
 .debug_abbrev  0x0000000000000c0f      0x1d9 c:/mikronide/riscv-gcc/bin/../lib/gcc/riscv64-unknown-elf/12.2.1/rv32imc/ilp32\libgcc.a(subtf3.o)
 .debug_abbrev  0x0000000000000de8      0x17f c:/mikronide/riscv-gcc/bin/../lib/gcc/riscv64-unknown-elf/12.2.1/rv32imc/ilp32\libgcc.a(fixtfsi.o)
 .debug_abbrev  0x0000000000000f67      0x19f c:/mikronide/riscv-gcc/bin/../lib/gcc/riscv64-unknown-elf/12.2.1/rv32imc/ilp32\libgcc.a(floatsitf.o)
 .debug_abbrev  0x0000000000001106      0x16d c:/mikronide/riscv-gcc/bin/../lib/gcc/riscv64-unknown-elf/12.2.1/rv32imc/ilp32\libgcc.a(addsf3.o)
 .debug_abbrev  0x0000000000001273      0x15b c:/mikronide/riscv-gcc/bin/../lib/gcc/riscv64-unknown-elf/12.2.1/rv32imc/ilp32\libgcc.a(mulsf3.o)
 .debug_abbrev  0x00000000000013ce      0x164 c:/mikronide/riscv-gcc/bin/../lib/gcc/riscv64-unknown-elf/12.2.1/rv32imc/ilp32\libgcc.a(subsf3.o)
 .debug_abbrev  0x0000000000001532      0x15b c:/mikronide/riscv-gcc/bin/../lib/gcc/riscv64-unknown-elf/12.2.1/rv32imc/ilp32\libgcc.a(extendsfdf2.o)
 .debug_abbrev  0x000000000000168d      0x197 c:/mikronide/riscv-gcc/bin/../lib/gcc/riscv64-unknown-elf/12.2.1/rv32imc/ilp32\libgcc.a(extenddftf2.o)
 .debug_abbrev  0x0000000000001824      0x141 c:/mikronide/riscv-gcc/bin/../lib/gcc/riscv64-unknown-elf/12.2.1/rv32imc/ilp32\libgcc.a(truncdfsf2.o)
 .debug_abbrev  0x0000000000001965      0x180 c:/mikronide/riscv-gcc/bin/../lib/gcc/riscv64-unknown-elf/12.2.1/rv32imc/ilp32\libgcc.a(trunctfdf2.o)
 .debug_abbrev  0x0000000000001ae5       0xca c:/mikronide/riscv-gcc/bin/../lib/gcc/riscv64-unknown-elf/12.2.1/rv32imc/ilp32\libgcc.a(_clzsi2.o)
 .debug_abbrev  0x0000000000001baf       0x70 c:/mikronide/riscv-gcc/bin/../lib/gcc/riscv64-unknown-elf/12.2.1/rv32imc/ilp32\libgcc.a(_clz.o)

.debug_loclists
                0x0000000000000000     0xcaf9
 .debug_loclists
                0x0000000000000000      0x182 ./src/main.o
 .debug_loclists
                0x0000000000000182     0x10f5 c:/mikronide/riscv-gcc/bin/../lib/gcc/riscv64-unknown-elf/12.2.1/rv32imc/ilp32\libgcc.a(adddf3.o)
 .debug_loclists
                0x0000000000001277      0xc0f c:/mikronide/riscv-gcc/bin/../lib/gcc/riscv64-unknown-elf/12.2.1/rv32imc/ilp32\libgcc.a(muldf3.o)
 .debug_loclists
                0x0000000000001e86      0x10c c:/mikronide/riscv-gcc/bin/../lib/gcc/riscv64-unknown-elf/12.2.1/rv32imc/ilp32\libgcc.a(eqtf2.o)
 .debug_loclists
                0x0000000000001f92      0x203 c:/mikronide/riscv-gcc/bin/../lib/gcc/riscv64-unknown-elf/12.2.1/rv32imc/ilp32\libgcc.a(getf2.o)
 .debug_loclists
                0x0000000000002195      0x203 c:/mikronide/riscv-gcc/bin/../lib/gcc/riscv64-unknown-elf/12.2.1/rv32imc/ilp32\libgcc.a(letf2.o)
 .debug_loclists
                0x0000000000002398     0x4fc4 c:/mikronide/riscv-gcc/bin/../lib/gcc/riscv64-unknown-elf/12.2.1/rv32imc/ilp32\libgcc.a(multf3.o)
 .debug_loclists
                0x000000000000735c     0x29ef c:/mikronide/riscv-gcc/bin/../lib/gcc/riscv64-unknown-elf/12.2.1/rv32imc/ilp32\libgcc.a(subtf3.o)
 .debug_loclists
                0x0000000000009d4b      0x1e9 c:/mikronide/riscv-gcc/bin/../lib/gcc/riscv64-unknown-elf/12.2.1/rv32imc/ilp32\libgcc.a(fixtfsi.o)
 .debug_loclists
                0x0000000000009f34      0x242 c:/mikronide/riscv-gcc/bin/../lib/gcc/riscv64-unknown-elf/12.2.1/rv32imc/ilp32\libgcc.a(floatsitf.o)
 .debug_loclists
                0x000000000000a176      0xbdb c:/mikronide/riscv-gcc/bin/../lib/gcc/riscv64-unknown-elf/12.2.1/rv32imc/ilp32\libgcc.a(addsf3.o)
 .debug_loclists
                0x000000000000ad51      0x4f0 c:/mikronide/riscv-gcc/bin/../lib/gcc/riscv64-unknown-elf/12.2.1/rv32imc/ilp32\libgcc.a(mulsf3.o)
 .debug_loclists
                0x000000000000b241      0xafe c:/mikronide/riscv-gcc/bin/../lib/gcc/riscv64-unknown-elf/12.2.1/rv32imc/ilp32\libgcc.a(subsf3.o)
 .debug_loclists
                0x000000000000bd3f      0x1cf c:/mikronide/riscv-gcc/bin/../lib/gcc/riscv64-unknown-elf/12.2.1/rv32imc/ilp32\libgcc.a(extendsfdf2.o)
 .debug_loclists
                0x000000000000bf0e      0x34a c:/mikronide/riscv-gcc/bin/../lib/gcc/riscv64-unknown-elf/12.2.1/rv32imc/ilp32\libgcc.a(extenddftf2.o)
 .debug_loclists
                0x000000000000c258      0x310 c:/mikronide/riscv-gcc/bin/../lib/gcc/riscv64-unknown-elf/12.2.1/rv32imc/ilp32\libgcc.a(truncdfsf2.o)
 .debug_loclists
                0x000000000000c568      0x52f c:/mikronide/riscv-gcc/bin/../lib/gcc/riscv64-unknown-elf/12.2.1/rv32imc/ilp32\libgcc.a(trunctfdf2.o)
 .debug_loclists
                0x000000000000ca97       0x62 c:/mikronide/riscv-gcc/bin/../lib/gcc/riscv64-unknown-elf/12.2.1/rv32imc/ilp32\libgcc.a(_clzsi2.o)

.debug_aranges  0x0000000000000000      0x288
 .debug_aranges
                0x0000000000000000       0x28 ./src/main.o
 .debug_aranges
                0x0000000000000028       0x28 ./runtime/crt0.o
 .debug_aranges
                0x0000000000000050       0x20 c:/mikronide/riscv-gcc/bin/../lib/gcc/riscv64-unknown-elf/12.2.1/rv32imc/ilp32\libgcc.a(adddf3.o)
 .debug_aranges
                0x0000000000000070       0x20 c:/mikronide/riscv-gcc/bin/../lib/gcc/riscv64-unknown-elf/12.2.1/rv32imc/ilp32\libgcc.a(muldf3.o)
 .debug_aranges
                0x0000000000000090       0x20 c:/mikronide/riscv-gcc/bin/../lib/gcc/riscv64-unknown-elf/12.2.1/rv32imc/ilp32\libgcc.a(eqtf2.o)
 .debug_aranges
                0x00000000000000b0       0x20 c:/mikronide/riscv-gcc/bin/../lib/gcc/riscv64-unknown-elf/12.2.1/rv32imc/ilp32\libgcc.a(getf2.o)
 .debug_aranges
                0x00000000000000d0       0x20 c:/mikronide/riscv-gcc/bin/../lib/gcc/riscv64-unknown-elf/12.2.1/rv32imc/ilp32\libgcc.a(letf2.o)
 .debug_aranges
                0x00000000000000f0       0x20 c:/mikronide/riscv-gcc/bin/../lib/gcc/riscv64-unknown-elf/12.2.1/rv32imc/ilp32\libgcc.a(multf3.o)
 .debug_aranges
                0x0000000000000110       0x20 c:/mikronide/riscv-gcc/bin/../lib/gcc/riscv64-unknown-elf/12.2.1/rv32imc/ilp32\libgcc.a(subtf3.o)
 .debug_aranges
                0x0000000000000130       0x20 c:/mikronide/riscv-gcc/bin/../lib/gcc/riscv64-unknown-elf/12.2.1/rv32imc/ilp32\libgcc.a(fixtfsi.o)
 .debug_aranges
                0x0000000000000150       0x20 c:/mikronide/riscv-gcc/bin/../lib/gcc/riscv64-unknown-elf/12.2.1/rv32imc/ilp32\libgcc.a(floatsitf.o)
 .debug_aranges
                0x0000000000000170       0x20 c:/mikronide/riscv-gcc/bin/../lib/gcc/riscv64-unknown-elf/12.2.1/rv32imc/ilp32\libgcc.a(addsf3.o)
 .debug_aranges
                0x0000000000000190       0x20 c:/mikronide/riscv-gcc/bin/../lib/gcc/riscv64-unknown-elf/12.2.1/rv32imc/ilp32\libgcc.a(mulsf3.o)
 .debug_aranges
                0x00000000000001b0       0x20 c:/mikronide/riscv-gcc/bin/../lib/gcc/riscv64-unknown-elf/12.2.1/rv32imc/ilp32\libgcc.a(subsf3.o)
 .debug_aranges
                0x00000000000001d0       0x20 c:/mikronide/riscv-gcc/bin/../lib/gcc/riscv64-unknown-elf/12.2.1/rv32imc/ilp32\libgcc.a(extendsfdf2.o)
 .debug_aranges
                0x00000000000001f0       0x20 c:/mikronide/riscv-gcc/bin/../lib/gcc/riscv64-unknown-elf/12.2.1/rv32imc/ilp32\libgcc.a(extenddftf2.o)
 .debug_aranges
                0x0000000000000210       0x20 c:/mikronide/riscv-gcc/bin/../lib/gcc/riscv64-unknown-elf/12.2.1/rv32imc/ilp32\libgcc.a(truncdfsf2.o)
 .debug_aranges
                0x0000000000000230       0x20 c:/mikronide/riscv-gcc/bin/../lib/gcc/riscv64-unknown-elf/12.2.1/rv32imc/ilp32\libgcc.a(trunctfdf2.o)
 .debug_aranges
                0x0000000000000250       0x20 c:/mikronide/riscv-gcc/bin/../lib/gcc/riscv64-unknown-elf/12.2.1/rv32imc/ilp32\libgcc.a(_clzsi2.o)
 .debug_aranges
                0x0000000000000270       0x18 c:/mikronide/riscv-gcc/bin/../lib/gcc/riscv64-unknown-elf/12.2.1/rv32imc/ilp32\libgcc.a(_clz.o)

.debug_rnglists
                0x0000000000000000     0x190e
 .debug_rnglists
                0x0000000000000000       0xb5 ./src/main.o
 .debug_rnglists
                0x00000000000000b5       0x1a ./runtime/crt0.o
 .debug_rnglists
                0x00000000000000cf      0x20f c:/mikronide/riscv-gcc/bin/../lib/gcc/riscv64-unknown-elf/12.2.1/rv32imc/ilp32\libgcc.a(adddf3.o)
 .debug_rnglists
                0x00000000000002de      0x1e6 c:/mikronide/riscv-gcc/bin/../lib/gcc/riscv64-unknown-elf/12.2.1/rv32imc/ilp32\libgcc.a(muldf3.o)
 .debug_rnglists
                0x00000000000004c4       0x5f c:/mikronide/riscv-gcc/bin/../lib/gcc/riscv64-unknown-elf/12.2.1/rv32imc/ilp32\libgcc.a(eqtf2.o)
 .debug_rnglists
                0x0000000000000523       0x84 c:/mikronide/riscv-gcc/bin/../lib/gcc/riscv64-unknown-elf/12.2.1/rv32imc/ilp32\libgcc.a(getf2.o)
 .debug_rnglists
                0x00000000000005a7       0x84 c:/mikronide/riscv-gcc/bin/../lib/gcc/riscv64-unknown-elf/12.2.1/rv32imc/ilp32\libgcc.a(letf2.o)
 .debug_rnglists
                0x000000000000062b      0x591 c:/mikronide/riscv-gcc/bin/../lib/gcc/riscv64-unknown-elf/12.2.1/rv32imc/ilp32\libgcc.a(multf3.o)
 .debug_rnglists
                0x0000000000000bbc      0x5dd c:/mikronide/riscv-gcc/bin/../lib/gcc/riscv64-unknown-elf/12.2.1/rv32imc/ilp32\libgcc.a(subtf3.o)
 .debug_rnglists
                0x0000000000001199       0x7b c:/mikronide/riscv-gcc/bin/../lib/gcc/riscv64-unknown-elf/12.2.1/rv32imc/ilp32\libgcc.a(fixtfsi.o)
 .debug_rnglists
                0x0000000000001214       0x85 c:/mikronide/riscv-gcc/bin/../lib/gcc/riscv64-unknown-elf/12.2.1/rv32imc/ilp32\libgcc.a(floatsitf.o)
 .debug_rnglists
                0x0000000000001299      0x1b0 c:/mikronide/riscv-gcc/bin/../lib/gcc/riscv64-unknown-elf/12.2.1/rv32imc/ilp32\libgcc.a(addsf3.o)
 .debug_rnglists
                0x0000000000001449       0xbd c:/mikronide/riscv-gcc/bin/../lib/gcc/riscv64-unknown-elf/12.2.1/rv32imc/ilp32\libgcc.a(mulsf3.o)
 .debug_rnglists
                0x0000000000001506      0x1cc c:/mikronide/riscv-gcc/bin/../lib/gcc/riscv64-unknown-elf/12.2.1/rv32imc/ilp32\libgcc.a(subsf3.o)
 .debug_rnglists
                0x00000000000016d2       0x3b c:/mikronide/riscv-gcc/bin/../lib/gcc/riscv64-unknown-elf/12.2.1/rv32imc/ilp32\libgcc.a(extendsfdf2.o)
 .debug_rnglists
                0x000000000000170d       0x60 c:/mikronide/riscv-gcc/bin/../lib/gcc/riscv64-unknown-elf/12.2.1/rv32imc/ilp32\libgcc.a(extenddftf2.o)
 .debug_rnglists
                0x000000000000176d       0x68 c:/mikronide/riscv-gcc/bin/../lib/gcc/riscv64-unknown-elf/12.2.1/rv32imc/ilp32\libgcc.a(truncdfsf2.o)
 .debug_rnglists
                0x00000000000017d5      0x111 c:/mikronide/riscv-gcc/bin/../lib/gcc/riscv64-unknown-elf/12.2.1/rv32imc/ilp32\libgcc.a(trunctfdf2.o)
 .debug_rnglists
                0x00000000000018e6       0x28 c:/mikronide/riscv-gcc/bin/../lib/gcc/riscv64-unknown-elf/12.2.1/rv32imc/ilp32\libgcc.a(_clzsi2.o)

.debug_macro    0x0000000000000000     0x272a
 .debug_macro   0x0000000000000000      0x2c5 ./src/main.o
 .debug_macro   0x00000000000002c5     0x1886 ./src/main.o
 .debug_macro   0x0000000000001b4b       0x76 ./src/main.o
 .debug_macro   0x0000000000001bc1       0xee ./src/main.o
 .debug_macro   0x0000000000001caf       0x1c ./src/main.o
 .debug_macro   0x0000000000001ccb       0xfa ./src/main.o
 .debug_macro   0x0000000000001dc5       0x22 ./src/main.o
 .debug_macro   0x0000000000001de7       0x70 ./src/main.o
 .debug_macro   0x0000000000001e57      0x16c ./src/main.o
 .debug_macro   0x0000000000001fc3      0x1e4 ./src/main.o
 .debug_macro   0x00000000000021a7      0x17e ./src/main.o
 .debug_macro   0x0000000000002325       0x16 ./src/main.o
 .debug_macro   0x000000000000233b      0x300 ./src/main.o
 .debug_macro   0x000000000000263b       0x52 ./src/main.o
 .debug_macro   0x000000000000268d       0x9d ./src/main.o

.debug_line     0x0000000000000000     0xba3d
 .debug_line    0x0000000000000000      0xb07 ./src/main.o
 .debug_line    0x0000000000000b07       0xe0 ./runtime/crt0.o
 .debug_line    0x0000000000000be7     0x1037 c:/mikronide/riscv-gcc/bin/../lib/gcc/riscv64-unknown-elf/12.2.1/rv32imc/ilp32\libgcc.a(adddf3.o)
 .debug_line    0x0000000000001c1e      0xe0b c:/mikronide/riscv-gcc/bin/../lib/gcc/riscv64-unknown-elf/12.2.1/rv32imc/ilp32\libgcc.a(muldf3.o)
 .debug_line    0x0000000000002a29      0x263 c:/mikronide/riscv-gcc/bin/../lib/gcc/riscv64-unknown-elf/12.2.1/rv32imc/ilp32\libgcc.a(eqtf2.o)
 .debug_line    0x0000000000002c8c      0x3ac c:/mikronide/riscv-gcc/bin/../lib/gcc/riscv64-unknown-elf/12.2.1/rv32imc/ilp32\libgcc.a(getf2.o)
 .debug_line    0x0000000000003038      0x3ac c:/mikronide/riscv-gcc/bin/../lib/gcc/riscv64-unknown-elf/12.2.1/rv32imc/ilp32\libgcc.a(letf2.o)
 .debug_line    0x00000000000033e4     0x231a c:/mikronide/riscv-gcc/bin/../lib/gcc/riscv64-unknown-elf/12.2.1/rv32imc/ilp32\libgcc.a(multf3.o)
 .debug_line    0x00000000000056fe     0x2c89 c:/mikronide/riscv-gcc/bin/../lib/gcc/riscv64-unknown-elf/12.2.1/rv32imc/ilp32\libgcc.a(subtf3.o)
 .debug_line    0x0000000000008387      0x2d6 c:/mikronide/riscv-gcc/bin/../lib/gcc/riscv64-unknown-elf/12.2.1/rv32imc/ilp32\libgcc.a(fixtfsi.o)
 .debug_line    0x000000000000865d      0x2d7 c:/mikronide/riscv-gcc/bin/../lib/gcc/riscv64-unknown-elf/12.2.1/rv32imc/ilp32\libgcc.a(floatsitf.o)
 .debug_line    0x0000000000008934      0xa1c c:/mikronide/riscv-gcc/bin/../lib/gcc/riscv64-unknown-elf/12.2.1/rv32imc/ilp32\libgcc.a(addsf3.o)
 .debug_line    0x0000000000009350      0x77b c:/mikronide/riscv-gcc/bin/../lib/gcc/riscv64-unknown-elf/12.2.1/rv32imc/ilp32\libgcc.a(mulsf3.o)
 .debug_line    0x0000000000009acb      0xb55 c:/mikronide/riscv-gcc/bin/../lib/gcc/riscv64-unknown-elf/12.2.1/rv32imc/ilp32\libgcc.a(subsf3.o)
 .debug_line    0x000000000000a620      0x379 c:/mikronide/riscv-gcc/bin/../lib/gcc/riscv64-unknown-elf/12.2.1/rv32imc/ilp32\libgcc.a(extendsfdf2.o)
 .debug_line    0x000000000000a999      0x50c c:/mikronide/riscv-gcc/bin/../lib/gcc/riscv64-unknown-elf/12.2.1/rv32imc/ilp32\libgcc.a(extenddftf2.o)
 .debug_line    0x000000000000aea5      0x471 c:/mikronide/riscv-gcc/bin/../lib/gcc/riscv64-unknown-elf/12.2.1/rv32imc/ilp32\libgcc.a(truncdfsf2.o)
 .debug_line    0x000000000000b316      0x61d c:/mikronide/riscv-gcc/bin/../lib/gcc/riscv64-unknown-elf/12.2.1/rv32imc/ilp32\libgcc.a(trunctfdf2.o)
 .debug_line    0x000000000000b933       0xcb c:/mikronide/riscv-gcc/bin/../lib/gcc/riscv64-unknown-elf/12.2.1/rv32imc/ilp32\libgcc.a(_clzsi2.o)
 .debug_line    0x000000000000b9fe       0x3f c:/mikronide/riscv-gcc/bin/../lib/gcc/riscv64-unknown-elf/12.2.1/rv32imc/ilp32\libgcc.a(_clz.o)

.debug_str      0x0000000000000000    0x16a5c
 .debug_str     0x0000000000000000    0x16102 ./src/main.o
                                      0x16341 (size before relaxing)
 .debug_str     0x0000000000016102       0x4c ./runtime/crt0.o
 .debug_str     0x000000000001614e      0x222 c:/mikronide/riscv-gcc/bin/../lib/gcc/riscv64-unknown-elf/12.2.1/rv32imc/ilp32\libgcc.a(adddf3.o)
                                        0x2b1 (size before relaxing)
 .debug_str     0x0000000000016370      0x200 c:/mikronide/riscv-gcc/bin/../lib/gcc/riscv64-unknown-elf/12.2.1/rv32imc/ilp32\libgcc.a(muldf3.o)
                                        0x3cb (size before relaxing)
 .debug_str     0x0000000000016570       0x5b c:/mikronide/riscv-gcc/bin/../lib/gcc/riscv64-unknown-elf/12.2.1/rv32imc/ilp32\libgcc.a(eqtf2.o)
                                        0x1c0 (size before relaxing)
 .debug_str     0x00000000000165cb       0x2c c:/mikronide/riscv-gcc/bin/../lib/gcc/riscv64-unknown-elf/12.2.1/rv32imc/ilp32\libgcc.a(getf2.o)
                                        0x1e4 (size before relaxing)
 .debug_str     0x00000000000165f7        0x8 c:/mikronide/riscv-gcc/bin/../lib/gcc/riscv64-unknown-elf/12.2.1/rv32imc/ilp32\libgcc.a(letf2.o)
                                        0x1e4 (size before relaxing)
 .debug_str     0x00000000000165ff      0x268 c:/mikronide/riscv-gcc/bin/../lib/gcc/riscv64-unknown-elf/12.2.1/rv32imc/ilp32\libgcc.a(multf3.o)
                                        0x552 (size before relaxing)
 .debug_str     0x0000000000016867       0xb5 c:/mikronide/riscv-gcc/bin/../lib/gcc/riscv64-unknown-elf/12.2.1/rv32imc/ilp32\libgcc.a(subtf3.o)
                                        0x44b (size before relaxing)
 .debug_str     0x000000000001691c       0x25 c:/mikronide/riscv-gcc/bin/../lib/gcc/riscv64-unknown-elf/12.2.1/rv32imc/ilp32\libgcc.a(fixtfsi.o)
                                        0x226 (size before relaxing)
 .debug_str     0x0000000000016941       0x39 c:/mikronide/riscv-gcc/bin/../lib/gcc/riscv64-unknown-elf/12.2.1/rv32imc/ilp32\libgcc.a(floatsitf.o)
                                        0x2f4 (size before relaxing)
 .debug_str     0x000000000001697a       0x40 c:/mikronide/riscv-gcc/bin/../lib/gcc/riscv64-unknown-elf/12.2.1/rv32imc/ilp32\libgcc.a(addsf3.o)
                                        0x274 (size before relaxing)
 .debug_str     0x00000000000169ba       0x32 c:/mikronide/riscv-gcc/bin/../lib/gcc/riscv64-unknown-elf/12.2.1/rv32imc/ilp32\libgcc.a(mulsf3.o)
                                        0x299 (size before relaxing)
 .debug_str     0x00000000000169ec      0x274 c:/mikronide/riscv-gcc/bin/../lib/gcc/riscv64-unknown-elf/12.2.1/rv32imc/ilp32\libgcc.a(subsf3.o)
 .debug_str     0x00000000000169ec        0xd c:/mikronide/riscv-gcc/bin/../lib/gcc/riscv64-unknown-elf/12.2.1/rv32imc/ilp32\libgcc.a(extendsfdf2.o)
                                        0x1e7 (size before relaxing)
 .debug_str     0x00000000000169f9        0xe c:/mikronide/riscv-gcc/bin/../lib/gcc/riscv64-unknown-elf/12.2.1/rv32imc/ilp32\libgcc.a(extenddftf2.o)
                                        0x23f (size before relaxing)
 .debug_str     0x0000000000016a07      0x23d c:/mikronide/riscv-gcc/bin/../lib/gcc/riscv64-unknown-elf/12.2.1/rv32imc/ilp32\libgcc.a(truncdfsf2.o)
 .debug_str     0x0000000000016a07        0xd c:/mikronide/riscv-gcc/bin/../lib/gcc/riscv64-unknown-elf/12.2.1/rv32imc/ilp32\libgcc.a(trunctfdf2.o)
                                        0x36e (size before relaxing)
 .debug_str     0x0000000000016a14       0x48 c:/mikronide/riscv-gcc/bin/../lib/gcc/riscv64-unknown-elf/12.2.1/rv32imc/ilp32\libgcc.a(_clzsi2.o)
                                        0x1c1 (size before relaxing)
 .debug_str     0x0000000000016a5c      0x1a4 c:/mikronide/riscv-gcc/bin/../lib/gcc/riscv64-unknown-elf/12.2.1/rv32imc/ilp32\libgcc.a(_clz.o)

.debug_line_str
                0x0000000000000000      0xa3e
 .debug_line_str
                0x0000000000000000      0x3bb ./src/main.o
                                        0x460 (size before relaxing)
 .debug_line_str
                0x00000000000003bb       0x12 ./runtime/crt0.o
                                         0x47 (size before relaxing)
 .debug_line_str
                0x00000000000003cd      0x125 c:/mikronide/riscv-gcc/bin/../lib/gcc/riscv64-unknown-elf/12.2.1/rv32imc/ilp32\libgcc.a(adddf3.o)
                                        0x1c2 (size before relaxing)
 .debug_line_str
                0x00000000000004f2       0x57 c:/mikronide/riscv-gcc/bin/../lib/gcc/riscv64-unknown-elf/12.2.1/rv32imc/ilp32\libgcc.a(muldf3.o)
                                        0x1cc (size before relaxing)
 .debug_line_str
                0x0000000000000549       0x63 c:/mikronide/riscv-gcc/bin/../lib/gcc/riscv64-unknown-elf/12.2.1/rv32imc/ilp32\libgcc.a(eqtf2.o)
                                        0x1cd (size before relaxing)
 .debug_line_str
                0x00000000000005ac       0x4c c:/mikronide/riscv-gcc/bin/../lib/gcc/riscv64-unknown-elf/12.2.1/rv32imc/ilp32\libgcc.a(getf2.o)
                                        0x1cd (size before relaxing)
 .debug_line_str
                0x00000000000005f8       0x4c c:/mikronide/riscv-gcc/bin/../lib/gcc/riscv64-unknown-elf/12.2.1/rv32imc/ilp32\libgcc.a(letf2.o)
                                        0x1cd (size before relaxing)
 .debug_line_str
                0x0000000000000644       0x4d c:/mikronide/riscv-gcc/bin/../lib/gcc/riscv64-unknown-elf/12.2.1/rv32imc/ilp32\libgcc.a(multf3.o)
                                        0x1ca (size before relaxing)
 .debug_line_str
                0x0000000000000691       0x4d c:/mikronide/riscv-gcc/bin/../lib/gcc/riscv64-unknown-elf/12.2.1/rv32imc/ilp32\libgcc.a(subtf3.o)
                                        0x1cb (size before relaxing)
 .debug_line_str
                0x00000000000006de       0x4e c:/mikronide/riscv-gcc/bin/../lib/gcc/riscv64-unknown-elf/12.2.1/rv32imc/ilp32\libgcc.a(fixtfsi.o)
                                        0x1cd (size before relaxing)
 .debug_line_str
                0x000000000000072c       0x50 c:/mikronide/riscv-gcc/bin/../lib/gcc/riscv64-unknown-elf/12.2.1/rv32imc/ilp32\libgcc.a(floatsitf.o)
                                        0x1d3 (size before relaxing)
 .debug_line_str
                0x000000000000077c       0x56 c:/mikronide/riscv-gcc/bin/../lib/gcc/riscv64-unknown-elf/12.2.1/rv32imc/ilp32\libgcc.a(addsf3.o)
                                        0x1c2 (size before relaxing)
 .debug_line_str
                0x00000000000007d2       0x4d c:/mikronide/riscv-gcc/bin/../lib/gcc/riscv64-unknown-elf/12.2.1/rv32imc/ilp32\libgcc.a(mulsf3.o)
                                        0x1cc (size before relaxing)
 .debug_line_str
                0x000000000000081f       0x4d c:/mikronide/riscv-gcc/bin/../lib/gcc/riscv64-unknown-elf/12.2.1/rv32imc/ilp32\libgcc.a(subsf3.o)
                                        0x1c2 (size before relaxing)
 .debug_line_str
                0x000000000000086c       0x52 c:/mikronide/riscv-gcc/bin/../lib/gcc/riscv64-unknown-elf/12.2.1/rv32imc/ilp32\libgcc.a(extendsfdf2.o)
                                        0x1da (size before relaxing)
 .debug_line_str
                0x00000000000008be       0x52 c:/mikronide/riscv-gcc/bin/../lib/gcc/riscv64-unknown-elf/12.2.1/rv32imc/ilp32\libgcc.a(extenddftf2.o)
                                        0x1d8 (size before relaxing)
 .debug_line_str
                0x0000000000000910       0x51 c:/mikronide/riscv-gcc/bin/../lib/gcc/riscv64-unknown-elf/12.2.1/rv32imc/ilp32\libgcc.a(truncdfsf2.o)
                                        0x1d7 (size before relaxing)
 .debug_line_str
                0x0000000000000961       0x51 c:/mikronide/riscv-gcc/bin/../lib/gcc/riscv64-unknown-elf/12.2.1/rv32imc/ilp32\libgcc.a(trunctfdf2.o)
                                        0x1d5 (size before relaxing)
 .debug_line_str
                0x00000000000009b2       0x8c c:/mikronide/riscv-gcc/bin/../lib/gcc/riscv64-unknown-elf/12.2.1/rv32imc/ilp32\libgcc.a(_clzsi2.o)
                                        0x1b6 (size before relaxing)
 .debug_line_str
                0x0000000000000a3e      0x1b6 c:/mikronide/riscv-gcc/bin/../lib/gcc/riscv64-unknown-elf/12.2.1/rv32imc/ilp32\libgcc.a(_clz.o)

.comment        0x0000000000000000       0x18
 .comment       0x0000000000000000       0x18 ./src/main.o
                                         0x19 (size before relaxing)
 .comment       0x0000000000000018       0x19 c:/mikronide/riscv-gcc/bin/../lib/gcc/riscv64-unknown-elf/12.2.1/../../../../riscv64-unknown-elf/lib/rv32imc/ilp32\libc.a(lib_a-memmove-stub.o)
 .comment       0x0000000000000018       0x19 c:/mikronide/riscv-gcc/bin/../lib/gcc/riscv64-unknown-elf/12.2.1/../../../../riscv64-unknown-elf/lib/rv32imc/ilp32\libc.a(lib_a-sprintf.o)
 .comment       0x0000000000000018       0x19 c:/mikronide/riscv-gcc/bin/../lib/gcc/riscv64-unknown-elf/12.2.1/../../../../riscv64-unknown-elf/lib/rv32imc/ilp32\libc.a(lib_a-svfprintf.o)
 .comment       0x0000000000000018       0x19 c:/mikronide/riscv-gcc/bin/../lib/gcc/riscv64-unknown-elf/12.2.1/../../../../riscv64-unknown-elf/lib/rv32imc/ilp32\libc.a(lib_a-freer.o)
 .comment       0x0000000000000018       0x19 c:/mikronide/riscv-gcc/bin/../lib/gcc/riscv64-unknown-elf/12.2.1/../../../../riscv64-unknown-elf/lib/rv32imc/ilp32\libc.a(lib_a-impure.o)
 .comment       0x0000000000000018       0x19 c:/mikronide/riscv-gcc/bin/../lib/gcc/riscv64-unknown-elf/12.2.1/../../../../riscv64-unknown-elf/lib/rv32imc/ilp32\libc.a(lib_a-ldtoa.o)
 .comment       0x0000000000000018       0x19 c:/mikronide/riscv-gcc/bin/../lib/gcc/riscv64-unknown-elf/12.2.1/../../../../riscv64-unknown-elf/lib/rv32imc/ilp32\libc.a(lib_a-localeconv.o)
 .comment       0x0000000000000018       0x19 c:/mikronide/riscv-gcc/bin/../lib/gcc/riscv64-unknown-elf/12.2.1/../../../../riscv64-unknown-elf/lib/rv32imc/ilp32\libc.a(lib_a-mallocr.o)
 .comment       0x0000000000000018       0x19 c:/mikronide/riscv-gcc/bin/../lib/gcc/riscv64-unknown-elf/12.2.1/../../../../riscv64-unknown-elf/lib/rv32imc/ilp32\libc.a(lib_a-memchr.o)
 .comment       0x0000000000000018       0x19 c:/mikronide/riscv-gcc/bin/../lib/gcc/riscv64-unknown-elf/12.2.1/../../../../riscv64-unknown-elf/lib/rv32imc/ilp32\libc.a(lib_a-mlock.o)
 .comment       0x0000000000000018       0x19 c:/mikronide/riscv-gcc/bin/../lib/gcc/riscv64-unknown-elf/12.2.1/../../../../riscv64-unknown-elf/lib/rv32imc/ilp32\libc.a(lib_a-mprec.o)
 .comment       0x0000000000000018       0x19 c:/mikronide/riscv-gcc/bin/../lib/gcc/riscv64-unknown-elf/12.2.1/../../../../riscv64-unknown-elf/lib/rv32imc/ilp32\libc.a(lib_a-s_frexp.o)
 .comment       0x0000000000000018       0x19 c:/mikronide/riscv-gcc/bin/../lib/gcc/riscv64-unknown-elf/12.2.1/../../../../riscv64-unknown-elf/lib/rv32imc/ilp32\libc.a(lib_a-sbrkr.o)
 .comment       0x0000000000000018       0x19 c:/mikronide/riscv-gcc/bin/../lib/gcc/riscv64-unknown-elf/12.2.1/../../../../riscv64-unknown-elf/lib/rv32imc/ilp32\libc.a(lib_a-strcpy.o)
 .comment       0x0000000000000018       0x19 c:/mikronide/riscv-gcc/bin/../lib/gcc/riscv64-unknown-elf/12.2.1/../../../../riscv64-unknown-elf/lib/rv32imc/ilp32\libc.a(lib_a-strlen.o)
 .comment       0x0000000000000018       0x19 c:/mikronide/riscv-gcc/bin/../lib/gcc/riscv64-unknown-elf/12.2.1/../../../../riscv64-unknown-elf/lib/rv32imc/ilp32\libc.a(lib_a-strncpy.o)
 .comment       0x0000000000000018       0x19 c:/mikronide/riscv-gcc/bin/../lib/gcc/riscv64-unknown-elf/12.2.1/../../../../riscv64-unknown-elf/lib/rv32imc/ilp32\libc.a(lib_a-svfiprintf.o)
 .comment       0x0000000000000018       0x19 c:/mikronide/riscv-gcc/bin/../lib/gcc/riscv64-unknown-elf/12.2.1/../../../../riscv64-unknown-elf/lib/rv32imc/ilp32\libc.a(lib_a-assert.o)
 .comment       0x0000000000000018       0x19 c:/mikronide/riscv-gcc/bin/../lib/gcc/riscv64-unknown-elf/12.2.1/../../../../riscv64-unknown-elf/lib/rv32imc/ilp32\libc.a(lib_a-callocr.o)
 .comment       0x0000000000000018       0x19 c:/mikronide/riscv-gcc/bin/../lib/gcc/riscv64-unknown-elf/12.2.1/../../../../riscv64-unknown-elf/lib/rv32imc/ilp32\libc.a(lib_a-errno.o)
 .comment       0x0000000000000018       0x19 c:/mikronide/riscv-gcc/bin/../lib/gcc/riscv64-unknown-elf/12.2.1/../../../../riscv64-unknown-elf/lib/rv32imc/ilp32\libc.a(lib_a-fiprintf.o)
 .comment       0x0000000000000018       0x19 c:/mikronide/riscv-gcc/bin/../lib/gcc/riscv64-unknown-elf/12.2.1/../../../../riscv64-unknown-elf/lib/rv32imc/ilp32\libc.a(lib_a-locale.o)
 .comment       0x0000000000000018       0x19 c:/mikronide/riscv-gcc/bin/../lib/gcc/riscv64-unknown-elf/12.2.1/../../../../riscv64-unknown-elf/lib/rv32imc/ilp32\libc.a(lib_a-mbtowc_r.o)
 .comment       0x0000000000000018       0x19 c:/mikronide/riscv-gcc/bin/../lib/gcc/riscv64-unknown-elf/12.2.1/../../../../riscv64-unknown-elf/lib/rv32imc/ilp32\libc.a(lib_a-memcpy.o)
 .comment       0x0000000000000018       0x19 c:/mikronide/riscv-gcc/bin/../lib/gcc/riscv64-unknown-elf/12.2.1/../../../../riscv64-unknown-elf/lib/rv32imc/ilp32\libc.a(lib_a-reallocr.o)
 .comment       0x0000000000000018       0x19 c:/mikronide/riscv-gcc/bin/../lib/gcc/riscv64-unknown-elf/12.2.1/../../../../riscv64-unknown-elf/lib/rv32imc/ilp32\libc.a(lib_a-reent.o)
 .comment       0x0000000000000018       0x19 c:/mikronide/riscv-gcc/bin/../lib/gcc/riscv64-unknown-elf/12.2.1/../../../../riscv64-unknown-elf/lib/rv32imc/ilp32\libc.a(lib_a-vfiprintf.o)
 .comment       0x0000000000000018       0x19 c:/mikronide/riscv-gcc/bin/../lib/gcc/riscv64-unknown-elf/12.2.1/../../../../riscv64-unknown-elf/lib/rv32imc/ilp32\libc.a(lib_a-wctomb_r.o)
 .comment       0x0000000000000018       0x19 c:/mikronide/riscv-gcc/bin/../lib/gcc/riscv64-unknown-elf/12.2.1/../../../../riscv64-unknown-elf/lib/rv32imc/ilp32\libc.a(lib_a-wsetup.o)
 .comment       0x0000000000000018       0x19 c:/mikronide/riscv-gcc/bin/../lib/gcc/riscv64-unknown-elf/12.2.1/../../../../riscv64-unknown-elf/lib/rv32imc/ilp32\libc.a(lib_a-abort.o)
 .comment       0x0000000000000018       0x19 c:/mikronide/riscv-gcc/bin/../lib/gcc/riscv64-unknown-elf/12.2.1/../../../../riscv64-unknown-elf/lib/rv32imc/ilp32\libc.a(lib_a-ctype_.o)
 .comment       0x0000000000000018       0x19 c:/mikronide/riscv-gcc/bin/../lib/gcc/riscv64-unknown-elf/12.2.1/../../../../riscv64-unknown-elf/lib/rv32imc/ilp32\libc.a(lib_a-fflush.o)
 .comment       0x0000000000000018       0x19 c:/mikronide/riscv-gcc/bin/../lib/gcc/riscv64-unknown-elf/12.2.1/../../../../riscv64-unknown-elf/lib/rv32imc/ilp32\libc.a(lib_a-findfp.o)
 .comment       0x0000000000000018       0x19 c:/mikronide/riscv-gcc/bin/../lib/gcc/riscv64-unknown-elf/12.2.1/../../../../riscv64-unknown-elf/lib/rv32imc/ilp32\libc.a(lib_a-fputwc.o)
 .comment       0x0000000000000018       0x19 c:/mikronide/riscv-gcc/bin/../lib/gcc/riscv64-unknown-elf/12.2.1/../../../../riscv64-unknown-elf/lib/rv32imc/ilp32\libc.a(lib_a-fvwrite.o)
 .comment       0x0000000000000018       0x19 c:/mikronide/riscv-gcc/bin/../lib/gcc/riscv64-unknown-elf/12.2.1/../../../../riscv64-unknown-elf/lib/rv32imc/ilp32\libc.a(lib_a-fwalk.o)
 .comment       0x0000000000000018       0x19 c:/mikronide/riscv-gcc/bin/../lib/gcc/riscv64-unknown-elf/12.2.1/../../../../riscv64-unknown-elf/lib/rv32imc/ilp32\libc.a(lib_a-makebuf.o)
 .comment       0x0000000000000018       0x19 c:/mikronide/riscv-gcc/bin/../lib/gcc/riscv64-unknown-elf/12.2.1/../../../../riscv64-unknown-elf/lib/rv32imc/ilp32\libc.a(lib_a-signal.o)
 .comment       0x0000000000000018       0x19 c:/mikronide/riscv-gcc/bin/../lib/gcc/riscv64-unknown-elf/12.2.1/../../../../riscv64-unknown-elf/lib/rv32imc/ilp32\libc.a(lib_a-signalr.o)
 .comment       0x0000000000000018       0x19 c:/mikronide/riscv-gcc/bin/../lib/gcc/riscv64-unknown-elf/12.2.1/../../../../riscv64-unknown-elf/lib/rv32imc/ilp32\libc.a(lib_a-stdio.o)
 .comment       0x0000000000000018       0x19 c:/mikronide/riscv-gcc/bin/../lib/gcc/riscv64-unknown-elf/12.2.1/../../../../riscv64-unknown-elf/lib/rv32imc/ilp32\libc.a(lib_a-wbuf.o)
 .comment       0x0000000000000018       0x19 c:/mikronide/riscv-gcc/bin/../lib/gcc/riscv64-unknown-elf/12.2.1/../../../../riscv64-unknown-elf/lib/rv32imc/ilp32\libc.a(lib_a-wcrtomb.o)
 .comment       0x0000000000000018       0x19 c:/mikronide/riscv-gcc/bin/../lib/gcc/riscv64-unknown-elf/12.2.1/../../../../riscv64-unknown-elf/lib/rv32imc/ilp32\libc.a(lib_a-writer.o)
 .comment       0x0000000000000018       0x19 c:/mikronide/riscv-gcc/bin/../lib/gcc/riscv64-unknown-elf/12.2.1/../../../../riscv64-unknown-elf/lib/rv32imc/ilp32\libc.a(lib_a-closer.o)
 .comment       0x0000000000000018       0x19 c:/mikronide/riscv-gcc/bin/../lib/gcc/riscv64-unknown-elf/12.2.1/../../../../riscv64-unknown-elf/lib/rv32imc/ilp32\libc.a(lib_a-fclose.o)
 .comment       0x0000000000000018       0x19 c:/mikronide/riscv-gcc/bin/../lib/gcc/riscv64-unknown-elf/12.2.1/../../../../riscv64-unknown-elf/lib/rv32imc/ilp32\libc.a(lib_a-fstatr.o)
 .comment       0x0000000000000018       0x19 c:/mikronide/riscv-gcc/bin/../lib/gcc/riscv64-unknown-elf/12.2.1/../../../../riscv64-unknown-elf/lib/rv32imc/ilp32\libc.a(lib_a-isattyr.o)
 .comment       0x0000000000000018       0x19 c:/mikronide/riscv-gcc/bin/../lib/gcc/riscv64-unknown-elf/12.2.1/../../../../riscv64-unknown-elf/lib/rv32imc/ilp32\libc.a(lib_a-lseekr.o)
 .comment       0x0000000000000018       0x19 c:/mikronide/riscv-gcc/bin/../lib/gcc/riscv64-unknown-elf/12.2.1/../../../../riscv64-unknown-elf/lib/rv32imc/ilp32\libc.a(lib_a-readr.o)
 .comment       0x0000000000000018       0x19 c:/mikronide/riscv-gcc/bin/../lib/gcc/riscv64-unknown-elf/12.2.1/rv32imc/ilp32\libgcc.a(adddf3.o)
 .comment       0x0000000000000018       0x19 c:/mikronide/riscv-gcc/bin/../lib/gcc/riscv64-unknown-elf/12.2.1/rv32imc/ilp32\libgcc.a(muldf3.o)
 .comment       0x0000000000000018       0x19 c:/mikronide/riscv-gcc/bin/../lib/gcc/riscv64-unknown-elf/12.2.1/rv32imc/ilp32\libgcc.a(eqtf2.o)
 .comment       0x0000000000000018       0x19 c:/mikronide/riscv-gcc/bin/../lib/gcc/riscv64-unknown-elf/12.2.1/rv32imc/ilp32\libgcc.a(getf2.o)
 .comment       0x0000000000000018       0x19 c:/mikronide/riscv-gcc/bin/../lib/gcc/riscv64-unknown-elf/12.2.1/rv32imc/ilp32\libgcc.a(letf2.o)
 .comment       0x0000000000000018       0x19 c:/mikronide/riscv-gcc/bin/../lib/gcc/riscv64-unknown-elf/12.2.1/rv32imc/ilp32\libgcc.a(multf3.o)
 .comment       0x0000000000000018       0x19 c:/mikronide/riscv-gcc/bin/../lib/gcc/riscv64-unknown-elf/12.2.1/rv32imc/ilp32\libgcc.a(subtf3.o)
 .comment       0x0000000000000018       0x19 c:/mikronide/riscv-gcc/bin/../lib/gcc/riscv64-unknown-elf/12.2.1/rv32imc/ilp32\libgcc.a(fixtfsi.o)
 .comment       0x0000000000000018       0x19 c:/mikronide/riscv-gcc/bin/../lib/gcc/riscv64-unknown-elf/12.2.1/rv32imc/ilp32\libgcc.a(floatsitf.o)
 .comment       0x0000000000000018       0x19 c:/mikronide/riscv-gcc/bin/../lib/gcc/riscv64-unknown-elf/12.2.1/rv32imc/ilp32\libgcc.a(addsf3.o)
 .comment       0x0000000000000018       0x19 c:/mikronide/riscv-gcc/bin/../lib/gcc/riscv64-unknown-elf/12.2.1/rv32imc/ilp32\libgcc.a(mulsf3.o)
 .comment       0x0000000000000018       0x19 c:/mikronide/riscv-gcc/bin/../lib/gcc/riscv64-unknown-elf/12.2.1/rv32imc/ilp32\libgcc.a(subsf3.o)
 .comment       0x0000000000000018       0x19 c:/mikronide/riscv-gcc/bin/../lib/gcc/riscv64-unknown-elf/12.2.1/rv32imc/ilp32\libgcc.a(extendsfdf2.o)
 .comment       0x0000000000000018       0x19 c:/mikronide/riscv-gcc/bin/../lib/gcc/riscv64-unknown-elf/12.2.1/rv32imc/ilp32\libgcc.a(extenddftf2.o)
 .comment       0x0000000000000018       0x19 c:/mikronide/riscv-gcc/bin/../lib/gcc/riscv64-unknown-elf/12.2.1/rv32imc/ilp32\libgcc.a(truncdfsf2.o)
 .comment       0x0000000000000018       0x19 c:/mikronide/riscv-gcc/bin/../lib/gcc/riscv64-unknown-elf/12.2.1/rv32imc/ilp32\libgcc.a(trunctfdf2.o)
 .comment       0x0000000000000018       0x19 c:/mikronide/riscv-gcc/bin/../lib/gcc/riscv64-unknown-elf/12.2.1/rv32imc/ilp32\libgcc.a(_clzsi2.o)
 .comment       0x0000000000000018       0x19 c:/mikronide/riscv-gcc/bin/../lib/gcc/riscv64-unknown-elf/12.2.1/rv32imc/ilp32\libgcc.a(_clz.o)

.riscv.attributes
                0x0000000000000000       0x3f
 .riscv.attributes
                0x0000000000000000       0x3f ./src/main.o
 .riscv.attributes
                0x000000000000003f       0x3d ./runtime/crt0.o
 .riscv.attributes
                0x000000000000007c       0x26 c:/mikronide/riscv-gcc/bin/../lib/gcc/riscv64-unknown-elf/12.2.1/../../../../riscv64-unknown-elf/lib/rv32imc/ilp32\libc.a(lib_a-memmove-stub.o)
 .riscv.attributes
                0x00000000000000a2       0x24 c:/mikronide/riscv-gcc/bin/../lib/gcc/riscv64-unknown-elf/12.2.1/../../../../riscv64-unknown-elf/lib/rv32imc/ilp32\libc.a(lib_a-memset.o)
 .riscv.attributes
                0x00000000000000c6       0x26 c:/mikronide/riscv-gcc/bin/../lib/gcc/riscv64-unknown-elf/12.2.1/../../../../riscv64-unknown-elf/lib/rv32imc/ilp32\libc.a(lib_a-sprintf.o)
 .riscv.attributes
                0x00000000000000ec       0x26 c:/mikronide/riscv-gcc/bin/../lib/gcc/riscv64-unknown-elf/12.2.1/../../../../riscv64-unknown-elf/lib/rv32imc/ilp32\libc.a(lib_a-svfprintf.o)
 .riscv.attributes
                0x0000000000000112       0x26 c:/mikronide/riscv-gcc/bin/../lib/gcc/riscv64-unknown-elf/12.2.1/../../../../riscv64-unknown-elf/lib/rv32imc/ilp32\libc.a(lib_a-freer.o)
 .riscv.attributes
                0x0000000000000138       0x26 c:/mikronide/riscv-gcc/bin/../lib/gcc/riscv64-unknown-elf/12.2.1/../../../../riscv64-unknown-elf/lib/rv32imc/ilp32\libc.a(lib_a-impure.o)
 .riscv.attributes
                0x000000000000015e       0x26 c:/mikronide/riscv-gcc/bin/../lib/gcc/riscv64-unknown-elf/12.2.1/../../../../riscv64-unknown-elf/lib/rv32imc/ilp32\libc.a(lib_a-ldtoa.o)
 .riscv.attributes
                0x0000000000000184       0x26 c:/mikronide/riscv-gcc/bin/../lib/gcc/riscv64-unknown-elf/12.2.1/../../../../riscv64-unknown-elf/lib/rv32imc/ilp32\libc.a(lib_a-localeconv.o)
 .riscv.attributes
                0x00000000000001aa       0x26 c:/mikronide/riscv-gcc/bin/../lib/gcc/riscv64-unknown-elf/12.2.1/../../../../riscv64-unknown-elf/lib/rv32imc/ilp32\libc.a(lib_a-mallocr.o)
 .riscv.attributes
                0x00000000000001d0       0x26 c:/mikronide/riscv-gcc/bin/../lib/gcc/riscv64-unknown-elf/12.2.1/../../../../riscv64-unknown-elf/lib/rv32imc/ilp32\libc.a(lib_a-memchr.o)
 .riscv.attributes
                0x00000000000001f6       0x26 c:/mikronide/riscv-gcc/bin/../lib/gcc/riscv64-unknown-elf/12.2.1/../../../../riscv64-unknown-elf/lib/rv32imc/ilp32\libc.a(lib_a-mlock.o)
 .riscv.attributes
                0x000000000000021c       0x26 c:/mikronide/riscv-gcc/bin/../lib/gcc/riscv64-unknown-elf/12.2.1/../../../../riscv64-unknown-elf/lib/rv32imc/ilp32\libc.a(lib_a-mprec.o)
 .riscv.attributes
                0x0000000000000242       0x26 c:/mikronide/riscv-gcc/bin/../lib/gcc/riscv64-unknown-elf/12.2.1/../../../../riscv64-unknown-elf/lib/rv32imc/ilp32\libc.a(lib_a-s_frexp.o)
 .riscv.attributes
                0x0000000000000268       0x26 c:/mikronide/riscv-gcc/bin/../lib/gcc/riscv64-unknown-elf/12.2.1/../../../../riscv64-unknown-elf/lib/rv32imc/ilp32\libc.a(lib_a-sbrkr.o)
 .riscv.attributes
                0x000000000000028e       0x26 c:/mikronide/riscv-gcc/bin/../lib/gcc/riscv64-unknown-elf/12.2.1/../../../../riscv64-unknown-elf/lib/rv32imc/ilp32\libc.a(lib_a-strcpy.o)
 .riscv.attributes
                0x00000000000002b4       0x26 c:/mikronide/riscv-gcc/bin/../lib/gcc/riscv64-unknown-elf/12.2.1/../../../../riscv64-unknown-elf/lib/rv32imc/ilp32\libc.a(lib_a-strlen.o)
 .riscv.attributes
                0x00000000000002da       0x26 c:/mikronide/riscv-gcc/bin/../lib/gcc/riscv64-unknown-elf/12.2.1/../../../../riscv64-unknown-elf/lib/rv32imc/ilp32\libc.a(lib_a-strncpy.o)
 .riscv.attributes
                0x0000000000000300       0x26 c:/mikronide/riscv-gcc/bin/../lib/gcc/riscv64-unknown-elf/12.2.1/../../../../riscv64-unknown-elf/lib/rv32imc/ilp32\libc.a(lib_a-svfiprintf.o)
 .riscv.attributes
                0x0000000000000326       0x26 c:/mikronide/riscv-gcc/bin/../lib/gcc/riscv64-unknown-elf/12.2.1/../../../../riscv64-unknown-elf/lib/rv32imc/ilp32\libc.a(lib_a-assert.o)
 .riscv.attributes
                0x000000000000034c       0x26 c:/mikronide/riscv-gcc/bin/../lib/gcc/riscv64-unknown-elf/12.2.1/../../../../riscv64-unknown-elf/lib/rv32imc/ilp32\libc.a(lib_a-callocr.o)
 .riscv.attributes
                0x0000000000000372       0x26 c:/mikronide/riscv-gcc/bin/../lib/gcc/riscv64-unknown-elf/12.2.1/../../../../riscv64-unknown-elf/lib/rv32imc/ilp32\libc.a(lib_a-errno.o)
 .riscv.attributes
                0x0000000000000398       0x26 c:/mikronide/riscv-gcc/bin/../lib/gcc/riscv64-unknown-elf/12.2.1/../../../../riscv64-unknown-elf/lib/rv32imc/ilp32\libc.a(lib_a-fiprintf.o)
 .riscv.attributes
                0x00000000000003be       0x26 c:/mikronide/riscv-gcc/bin/../lib/gcc/riscv64-unknown-elf/12.2.1/../../../../riscv64-unknown-elf/lib/rv32imc/ilp32\libc.a(lib_a-locale.o)
 .riscv.attributes
                0x00000000000003e4       0x26 c:/mikronide/riscv-gcc/bin/../lib/gcc/riscv64-unknown-elf/12.2.1/../../../../riscv64-unknown-elf/lib/rv32imc/ilp32\libc.a(lib_a-mbtowc_r.o)
 .riscv.attributes
                0x000000000000040a       0x26 c:/mikronide/riscv-gcc/bin/../lib/gcc/riscv64-unknown-elf/12.2.1/../../../../riscv64-unknown-elf/lib/rv32imc/ilp32\libc.a(lib_a-memcpy.o)
 .riscv.attributes
                0x0000000000000430       0x26 c:/mikronide/riscv-gcc/bin/../lib/gcc/riscv64-unknown-elf/12.2.1/../../../../riscv64-unknown-elf/lib/rv32imc/ilp32\libc.a(lib_a-reallocr.o)
 .riscv.attributes
                0x0000000000000456       0x26 c:/mikronide/riscv-gcc/bin/../lib/gcc/riscv64-unknown-elf/12.2.1/../../../../riscv64-unknown-elf/lib/rv32imc/ilp32\libc.a(lib_a-reent.o)
 .riscv.attributes
                0x000000000000047c       0x26 c:/mikronide/riscv-gcc/bin/../lib/gcc/riscv64-unknown-elf/12.2.1/../../../../riscv64-unknown-elf/lib/rv32imc/ilp32\libc.a(lib_a-vfiprintf.o)
 .riscv.attributes
                0x00000000000004a2       0x26 c:/mikronide/riscv-gcc/bin/../lib/gcc/riscv64-unknown-elf/12.2.1/../../../../riscv64-unknown-elf/lib/rv32imc/ilp32\libc.a(lib_a-wctomb_r.o)
 .riscv.attributes
                0x00000000000004c8       0x26 c:/mikronide/riscv-gcc/bin/../lib/gcc/riscv64-unknown-elf/12.2.1/../../../../riscv64-unknown-elf/lib/rv32imc/ilp32\libc.a(lib_a-wsetup.o)
 .riscv.attributes
                0x00000000000004ee       0x26 c:/mikronide/riscv-gcc/bin/../lib/gcc/riscv64-unknown-elf/12.2.1/../../../../riscv64-unknown-elf/lib/rv32imc/ilp32\libc.a(lib_a-abort.o)
 .riscv.attributes
                0x0000000000000514       0x26 c:/mikronide/riscv-gcc/bin/../lib/gcc/riscv64-unknown-elf/12.2.1/../../../../riscv64-unknown-elf/lib/rv32imc/ilp32\libc.a(lib_a-ctype_.o)
 .riscv.attributes
                0x000000000000053a       0x26 c:/mikronide/riscv-gcc/bin/../lib/gcc/riscv64-unknown-elf/12.2.1/../../../../riscv64-unknown-elf/lib/rv32imc/ilp32\libc.a(lib_a-fflush.o)
 .riscv.attributes
                0x0000000000000560       0x26 c:/mikronide/riscv-gcc/bin/../lib/gcc/riscv64-unknown-elf/12.2.1/../../../../riscv64-unknown-elf/lib/rv32imc/ilp32\libc.a(lib_a-findfp.o)
 .riscv.attributes
                0x0000000000000586       0x26 c:/mikronide/riscv-gcc/bin/../lib/gcc/riscv64-unknown-elf/12.2.1/../../../../riscv64-unknown-elf/lib/rv32imc/ilp32\libc.a(lib_a-fputwc.o)
 .riscv.attributes
                0x00000000000005ac       0x26 c:/mikronide/riscv-gcc/bin/../lib/gcc/riscv64-unknown-elf/12.2.1/../../../../riscv64-unknown-elf/lib/rv32imc/ilp32\libc.a(lib_a-fvwrite.o)
 .riscv.attributes
                0x00000000000005d2       0x26 c:/mikronide/riscv-gcc/bin/../lib/gcc/riscv64-unknown-elf/12.2.1/../../../../riscv64-unknown-elf/lib/rv32imc/ilp32\libc.a(lib_a-fwalk.o)
 .riscv.attributes
                0x00000000000005f8       0x26 c:/mikronide/riscv-gcc/bin/../lib/gcc/riscv64-unknown-elf/12.2.1/../../../../riscv64-unknown-elf/lib/rv32imc/ilp32\libc.a(lib_a-makebuf.o)
 .riscv.attributes
                0x000000000000061e       0x26 c:/mikronide/riscv-gcc/bin/../lib/gcc/riscv64-unknown-elf/12.2.1/../../../../riscv64-unknown-elf/lib/rv32imc/ilp32\libc.a(lib_a-signal.o)
 .riscv.attributes
                0x0000000000000644       0x26 c:/mikronide/riscv-gcc/bin/../lib/gcc/riscv64-unknown-elf/12.2.1/../../../../riscv64-unknown-elf/lib/rv32imc/ilp32\libc.a(lib_a-signalr.o)
 .riscv.attributes
                0x000000000000066a       0x26 c:/mikronide/riscv-gcc/bin/../lib/gcc/riscv64-unknown-elf/12.2.1/../../../../riscv64-unknown-elf/lib/rv32imc/ilp32\libc.a(lib_a-stdio.o)
 .riscv.attributes
                0x0000000000000690       0x26 c:/mikronide/riscv-gcc/bin/../lib/gcc/riscv64-unknown-elf/12.2.1/../../../../riscv64-unknown-elf/lib/rv32imc/ilp32\libc.a(lib_a-wbuf.o)
 .riscv.attributes
                0x00000000000006b6       0x26 c:/mikronide/riscv-gcc/bin/../lib/gcc/riscv64-unknown-elf/12.2.1/../../../../riscv64-unknown-elf/lib/rv32imc/ilp32\libc.a(lib_a-wcrtomb.o)
 .riscv.attributes
                0x00000000000006dc       0x26 c:/mikronide/riscv-gcc/bin/../lib/gcc/riscv64-unknown-elf/12.2.1/../../../../riscv64-unknown-elf/lib/rv32imc/ilp32\libc.a(lib_a-writer.o)
 .riscv.attributes
                0x0000000000000702       0x26 c:/mikronide/riscv-gcc/bin/../lib/gcc/riscv64-unknown-elf/12.2.1/../../../../riscv64-unknown-elf/lib/rv32imc/ilp32\libc.a(lib_a-closer.o)
 .riscv.attributes
                0x0000000000000728       0x26 c:/mikronide/riscv-gcc/bin/../lib/gcc/riscv64-unknown-elf/12.2.1/../../../../riscv64-unknown-elf/lib/rv32imc/ilp32\libc.a(lib_a-fclose.o)
 .riscv.attributes
                0x000000000000074e       0x26 c:/mikronide/riscv-gcc/bin/../lib/gcc/riscv64-unknown-elf/12.2.1/../../../../riscv64-unknown-elf/lib/rv32imc/ilp32\libc.a(lib_a-fstatr.o)
 .riscv.attributes
                0x0000000000000774       0x26 c:/mikronide/riscv-gcc/bin/../lib/gcc/riscv64-unknown-elf/12.2.1/../../../../riscv64-unknown-elf/lib/rv32imc/ilp32\libc.a(lib_a-isattyr.o)
 .riscv.attributes
                0x000000000000079a       0x26 c:/mikronide/riscv-gcc/bin/../lib/gcc/riscv64-unknown-elf/12.2.1/../../../../riscv64-unknown-elf/lib/rv32imc/ilp32\libc.a(lib_a-lseekr.o)
 .riscv.attributes
                0x00000000000007c0       0x26 c:/mikronide/riscv-gcc/bin/../lib/gcc/riscv64-unknown-elf/12.2.1/../../../../riscv64-unknown-elf/lib/rv32imc/ilp32\libc.a(lib_a-readr.o)
 .riscv.attributes
                0x00000000000007e6       0x26 c:/mikronide/riscv-gcc/bin/../lib/gcc/riscv64-unknown-elf/12.2.1/rv32imc/ilp32\libgcc.a(adddf3.o)
 .riscv.attributes
                0x000000000000080c       0x26 c:/mikronide/riscv-gcc/bin/../lib/gcc/riscv64-unknown-elf/12.2.1/rv32imc/ilp32\libgcc.a(muldf3.o)
 .riscv.attributes
                0x0000000000000832       0x26 c:/mikronide/riscv-gcc/bin/../lib/gcc/riscv64-unknown-elf/12.2.1/rv32imc/ilp32\libgcc.a(eqtf2.o)
 .riscv.attributes
                0x0000000000000858       0x26 c:/mikronide/riscv-gcc/bin/../lib/gcc/riscv64-unknown-elf/12.2.1/rv32imc/ilp32\libgcc.a(getf2.o)
 .riscv.attributes
                0x000000000000087e       0x26 c:/mikronide/riscv-gcc/bin/../lib/gcc/riscv64-unknown-elf/12.2.1/rv32imc/ilp32\libgcc.a(letf2.o)
 .riscv.attributes
                0x00000000000008a4       0x26 c:/mikronide/riscv-gcc/bin/../lib/gcc/riscv64-unknown-elf/12.2.1/rv32imc/ilp32\libgcc.a(multf3.o)
 .riscv.attributes
                0x00000000000008ca       0x26 c:/mikronide/riscv-gcc/bin/../lib/gcc/riscv64-unknown-elf/12.2.1/rv32imc/ilp32\libgcc.a(subtf3.o)
 .riscv.attributes
                0x00000000000008f0       0x26 c:/mikronide/riscv-gcc/bin/../lib/gcc/riscv64-unknown-elf/12.2.1/rv32imc/ilp32\libgcc.a(fixtfsi.o)
 .riscv.attributes
                0x0000000000000916       0x26 c:/mikronide/riscv-gcc/bin/../lib/gcc/riscv64-unknown-elf/12.2.1/rv32imc/ilp32\libgcc.a(floatsitf.o)
 .riscv.attributes
                0x000000000000093c       0x26 c:/mikronide/riscv-gcc/bin/../lib/gcc/riscv64-unknown-elf/12.2.1/rv32imc/ilp32\libgcc.a(addsf3.o)
 .riscv.attributes
                0x0000000000000962       0x26 c:/mikronide/riscv-gcc/bin/../lib/gcc/riscv64-unknown-elf/12.2.1/rv32imc/ilp32\libgcc.a(mulsf3.o)
 .riscv.attributes
                0x0000000000000988       0x26 c:/mikronide/riscv-gcc/bin/../lib/gcc/riscv64-unknown-elf/12.2.1/rv32imc/ilp32\libgcc.a(subsf3.o)
 .riscv.attributes
                0x00000000000009ae       0x26 c:/mikronide/riscv-gcc/bin/../lib/gcc/riscv64-unknown-elf/12.2.1/rv32imc/ilp32\libgcc.a(extendsfdf2.o)
 .riscv.attributes
                0x00000000000009d4       0x26 c:/mikronide/riscv-gcc/bin/../lib/gcc/riscv64-unknown-elf/12.2.1/rv32imc/ilp32\libgcc.a(extenddftf2.o)
 .riscv.attributes
                0x00000000000009fa       0x26 c:/mikronide/riscv-gcc/bin/../lib/gcc/riscv64-unknown-elf/12.2.1/rv32imc/ilp32\libgcc.a(truncdfsf2.o)
 .riscv.attributes
                0x0000000000000a20       0x26 c:/mikronide/riscv-gcc/bin/../lib/gcc/riscv64-unknown-elf/12.2.1/rv32imc/ilp32\libgcc.a(trunctfdf2.o)
 .riscv.attributes
                0x0000000000000a46       0x26 c:/mikronide/riscv-gcc/bin/../lib/gcc/riscv64-unknown-elf/12.2.1/rv32imc/ilp32\libgcc.a(_clzsi2.o)
 .riscv.attributes
                0x0000000000000a6c       0x26 c:/mikronide/riscv-gcc/bin/../lib/gcc/riscv64-unknown-elf/12.2.1/rv32imc/ilp32\libgcc.a(_clz.o)

.debug_frame    0x0000000000000000      0x498
 .debug_frame   0x0000000000000000       0xb0 ./src/main.o
 .debug_frame   0x00000000000000b0       0x44 c:/mikronide/riscv-gcc/bin/../lib/gcc/riscv64-unknown-elf/12.2.1/rv32imc/ilp32\libgcc.a(adddf3.o)
 .debug_frame   0x00000000000000f4       0x54 c:/mikronide/riscv-gcc/bin/../lib/gcc/riscv64-unknown-elf/12.2.1/rv32imc/ilp32\libgcc.a(muldf3.o)
 .debug_frame   0x0000000000000148       0x2c c:/mikronide/riscv-gcc/bin/../lib/gcc/riscv64-unknown-elf/12.2.1/rv32imc/ilp32\libgcc.a(eqtf2.o)
 .debug_frame   0x0000000000000174       0x2c c:/mikronide/riscv-gcc/bin/../lib/gcc/riscv64-unknown-elf/12.2.1/rv32imc/ilp32\libgcc.a(getf2.o)
 .debug_frame   0x00000000000001a0       0x2c c:/mikronide/riscv-gcc/bin/../lib/gcc/riscv64-unknown-elf/12.2.1/rv32imc/ilp32\libgcc.a(letf2.o)
 .debug_frame   0x00000000000001cc       0x68 c:/mikronide/riscv-gcc/bin/../lib/gcc/riscv64-unknown-elf/12.2.1/rv32imc/ilp32\libgcc.a(multf3.o)
 .debug_frame   0x0000000000000234       0x58 c:/mikronide/riscv-gcc/bin/../lib/gcc/riscv64-unknown-elf/12.2.1/rv32imc/ilp32\libgcc.a(subtf3.o)
 .debug_frame   0x000000000000028c       0x2c c:/mikronide/riscv-gcc/bin/../lib/gcc/riscv64-unknown-elf/12.2.1/rv32imc/ilp32\libgcc.a(fixtfsi.o)
 .debug_frame   0x00000000000002b8       0x3c c:/mikronide/riscv-gcc/bin/../lib/gcc/riscv64-unknown-elf/12.2.1/rv32imc/ilp32\libgcc.a(floatsitf.o)
 .debug_frame   0x00000000000002f4       0x3c c:/mikronide/riscv-gcc/bin/../lib/gcc/riscv64-unknown-elf/12.2.1/rv32imc/ilp32\libgcc.a(addsf3.o)
 .debug_frame   0x0000000000000330       0x4c c:/mikronide/riscv-gcc/bin/../lib/gcc/riscv64-unknown-elf/12.2.1/rv32imc/ilp32\libgcc.a(mulsf3.o)
 .debug_frame   0x000000000000037c       0x3c c:/mikronide/riscv-gcc/bin/../lib/gcc/riscv64-unknown-elf/12.2.1/rv32imc/ilp32\libgcc.a(subsf3.o)
 .debug_frame   0x00000000000003b8       0x38 c:/mikronide/riscv-gcc/bin/../lib/gcc/riscv64-unknown-elf/12.2.1/rv32imc/ilp32\libgcc.a(extendsfdf2.o)
 .debug_frame   0x00000000000003f0       0x3c c:/mikronide/riscv-gcc/bin/../lib/gcc/riscv64-unknown-elf/12.2.1/rv32imc/ilp32\libgcc.a(extenddftf2.o)
 .debug_frame   0x000000000000042c       0x20 c:/mikronide/riscv-gcc/bin/../lib/gcc/riscv64-unknown-elf/12.2.1/rv32imc/ilp32\libgcc.a(truncdfsf2.o)
 .debug_frame   0x000000000000044c       0x2c c:/mikronide/riscv-gcc/bin/../lib/gcc/riscv64-unknown-elf/12.2.1/rv32imc/ilp32\libgcc.a(trunctfdf2.o)
 .debug_frame   0x0000000000000478       0x20 c:/mikronide/riscv-gcc/bin/../lib/gcc/riscv64-unknown-elf/12.2.1/rv32imc/ilp32\libgcc.a(_clzsi2.o)
